[1074807.694] <- Q_030HZ
[1074807.694] <- t=1150 freq=2.0 | I[A]: A=0.17 B=0.95 C=0.33 D=0.09 | duty[%]: A=100.0 B=100.0 C=100.0 D=100.0 | spread=0.858 bal=0 trip=0
[1074807.980] <- t=1650 freq=2.0 | I[A]: A=-1.10 B=0.04 C=0.19 D=0.37 | duty[%]: A=100.0 B=100.0 C=100.0 D=100.0 | spread=1.467 bal=0 trip=0
[1074808.481] <- t=2150 freq=2.2 | I[A]: A=-1.11 B=0.03 C=0.06 D=0.24 | duty[%]: A=100.0 B=100.0 C=100.0 D=100.0 | spread=1.347 bal=0 trip=0
[1074808.978] <- t=2650 freq=2.5 | I[A]: A=-1.12 B=0.01 C=-0.10 D=0.07 | duty[%]: A=100.0 B=100.0 C=100.0 D=100.0 | spread=1.190 bal=0 trip=0
[1074809.479] <- t=3150 freq=2.9 | I[A]: A=-1.08 B=0.06 C=0.16 D=0.30 | duty[%]: A=100.0 B=100.0 C=100.0 D=100.0 | spread=1.381 bal=0 trip=0
[1074809.980] <- t=3650 freq=3.5 | I[A]: A=-1.08 B=0.05 C=0.03 D=0.21 | duty[%]: A=100.0 B=100.0 C=100.0 D=100.0 | spread=1.290 bal=0 trip=0
[1074810.481] <- t=4150 freq=4.1 | I[A]: A=-1.01 B=0.11 C=0.23 D=0.36 | duty[%]: A=100.0 B=100.0 C=100.0 D=100.0 | spread=1.369 bal=0 trip=0
[1074810.980] <- t=4650 freq=4.5 | I[A]: A=-1.06 B=0.07 C=0.02 D=0.21 | duty[%]: A=100.0 B=100.0 C=100.0 D=100.0 | spread=1.270 bal=0 trip=0
[1074811.480] <- t=5150 freq=4.8 | I[A]: A=-0.98 B=0.16 C=0.27 D=0.41 | duty[%]: A=100.0 B=100.0 C=100.0 D=100.0 | spread=1.394 bal=0 trip=0
[1074811.979] <- t=5650 freq=5.0 | I[A]: A=-0.92 B=0.19 C=-0.12 D=0.07 | duty[%]: A=100.0 B=100.0 C=100.0 D=100.0 | spread=1.108 bal=0 trip=0
[1074812.479] <- t=6150 freq=5.0 | I[A]: A=-0.93 B=0.21 C=-0.12 D=0.08 | duty[%]: A=100.0 B=100.0 C=100.0 D=100.0 | spread=1.143 bal=0 trip=0
[1074812.980] <- t=6650 freq=5.1 | I[A]: A=-0.92 B=0.19 C=-0.11 D=0.07 | duty[%]: A=100.0 B=100.0 C=100.0 D=100.0 | spread=1.111 bal=0 trip=0
[1074813.483] <- t=7150 freq=5.6 | I[A]: A=-1.01 B=0.11 C=0.11 D=0.27 | duty[%]: A=100.0 B=100.0 C=100.0 D=100.0 | spread=1.283 bal=0 trip=0
[1074813.976] <- t=7650 freq=6.6 | I[A]: A=-0.99 B=0.13 C=0.11 D=0.27 | duty[%]: A=100.0 B=100.0 C=100.0 D=100.0 | spread=1.259 bal=0 trip=0
[1074814.479] <- t=8150 freq=8.3 | I[A]: A=-0.72 B=0.45 C=0.06 D=0.24 | duty[%]: A=100.0 B=100.0 C=100.0 D=100.0 | spread=1.164 bal=0 trip=0
[1074814.976] <- t=8650 freq=10.6 | I[A]: A=-0.76 B=0.40 C=0.44 D=0.62 | duty[%]: A=100.0 B=100.0 C=100.0 D=100.0 | spread=1.384 bal=0 trip=0
[1074815.481] <- t=9150 freq=13.6 | I[A]: A=-0.60 B=0.52 C=0.58 D=0.76 | duty[%]: A=100.0 B=100.0 C=100.0 D=100.0 | spread=1.362 bal=0 trip=0
[1074815.982] <- t=9650 freq=17.0 | I[A]: A=-0.56 B=0.58 C=0.65 D=0.79 | duty[%]: A=100.0 B=100.0 C=100.0 D=100.0 | spread=1.349 bal=0 trip=0
[1074816.476] <- t=10150 freq=20.5 | I[A]: A=-0.23 B=0.85 C=0.51 D=0.69 | duty[%]: A=100.0 B=100.0 C=100.0 D=100.0 | spread=1.078 bal=0 trip=0
[1074816.977] <- t=10650 freq=23.6 | I[A]: A=-0.07 B=1.04 C=0.68 D=0.80 | duty[%]: A=100.0 B=100.0 C=100.0 D=100.0 | spread=1.108 bal=0 trip=0
[1074817.478] <- t=11151 freq=26.1 | I[A]: A=0.06 B=1.17 C=0.85 D=0.94 | duty[%]: A=100.0 B=100.0 C=100.0 D=100.0 | spread=1.108 bal=0 trip=0
[1074817.979] <- t=11651 freq=28.0 | I[A]: A=0.14 B=1.27 C=0.90 D=1.01 | duty[%]: A=100.0 B=100.0 C=100.0 D=100.0 | spread=1.124 bal=0 trip=0
[1074818.478] <- t=12152 freq=29.1 | I[A]: A=-0.05 B=1.10 C=1.11 D=1.25 | duty[%]: A=100.0 B=100.0 C=100.0 D=100.0 | spread=1.295 bal=0 trip=0
[1074818.988] <- t=12652 freq=29.8 | I[A]: A=0.18 B=1.31 C=0.97 D=1.13 | duty[%]: A=100.0 B=100.0 C=100.0 D=100.0 | spread=1.129 bal=0 trip=0
[1074819.481] <- t=13152 freq=30.0 | I[A]: A=0.21 B=1.34 C=1.01 D=1.10 | duty[%]: A=100.0 B=100.0 C=100.0 D=100.0 | spread=1.131 bal=0 trip=0
[1074819.619] <- label=SETTLE_030HZ
[1074819.980] <- t=13652 freq=30.0 | I[A]: A=0.22 B=1.36 C=0.98 D=1.06 | duty[%]: A=100.0 B=100.0 C=100.0 D=100.0 | spread=1.147 bal=0 trip=0
[1074820.478] <- t=14152 freq=30.0 | I[A]: A=0.24 B=1.35 C=1.00 D=1.11 | duty[%]: A=100.0 B=100.0 C=100.0 D=100.0 | spread=1.110 bal=0 trip=0
[1074820.981] <- t=14652 freq=30.0 | I[A]: A=0.20 B=1.36 C=1.03 D=1.10 | duty[%]: A=100.0 B=100.0 C=100.0 D=100.0 | spread=1.161 bal=0 trip=0
[1074821.480] <- t=15152 freq=30.0 | I[A]: A=0.25 B=1.32 C=0.96 D=1.10 | duty[%]: A=100.0 B=100.0 C=100.0 D=100.0 | spread=1.073 bal=0 trip=0
[1074821.981] <- t=15652 freq=30.0 | I[A]: A=0.20 B=1.35 C=1.00 D=1.05 | duty[%]: A=100.0 B=100.0 C=100.0 D=100.0 | spread=1.142 bal=0 trip=0
[1074822.482] <- t=16152 freq=30.0 | I[A]: A=0.24 B=1.34 C=1.03 D=1.10 | duty[%]: A=100.0 B=100.0 C=100.0 D=100.0 | spread=1.098 bal=0 trip=0
[1074822.623] <- label=HOLD_030HZ
[1074822.983] <- t=16652 freq=30.0 | I[A]: A=0.20 B=1.35 C=1.00 D=1.09 | duty[%]: A=100.0 B=100.0 C=100.0 D=100.0 | spread=1.150 bal=0 trip=0
[1074823.482] <- t=17153 freq=30.0 | I[A]: A=0.22 B=1.30 C=0.93 D=1.07 | duty[%]: A=100.0 B=100.0 C=100.0 D=100.0 | spread=1.073 bal=0 trip=0
[1074823.981] <- t=17653 freq=30.0 | I[A]: A=0.19 B=1.34 C=1.02 D=1.17 | duty[%]: A=100.0 B=100.0 C=100.0 D=100.0 | spread=1.147 bal=0 trip=0
[1074824.480] <- t=18153 freq=30.0 | I[A]: A=0.18 B=1.32 C=0.98 D=1.10 | duty[%]: A=100.0 B=100.0 C=100.0 D=100.0 | spread=1.133 bal=0 trip=0
[1074824.981] <- t=18653 freq=30.0 | I[A]: A=0.19 B=1.33 C=0.98 D=1.07 | duty[%]: A=100.0 B=100.0 C=100.0 D=100.0 | spread=1.141 bal=0 trip=0
[1074825.481] <- t=19153 freq=30.0 | I[A]: A=0.24 B=1.32 C=0.96 D=1.08 | duty[%]: A=100.0 B=100.0 C=100.0 D=100.0 | spread=1.082 bal=0 trip=0
[1074825.980] <- t=19653 freq=30.0 | I[A]: A=0.21 B=1.30 C=1.00 D=1.17 | duty[%]: A=100.0 B=100.0 C=100.0 D=100.0 | spread=1.093 bal=0 trip=0
[1074826.487] <- t=20153 freq=30.0 | I[A]: A=0.16 B=1.32 C=0.99 D=1.07 | duty[%]: A=100.0 B=100.0 C=100.0 D=100.0 | spread=1.155 bal=0 trip=0
[1074826.991] <- t=20654 freq=30.0 | I[A]: A=0.19 B=1.28 C=1.07 D=1.22 | duty[%]: A=100.0 B=100.0 C=100.0 D=100.0 | spread=1.091 bal=0 trip=0
[1074827.482] <- t=21155 freq=30.0 | I[A]: A=0.15 B=1.28 C=1.20 D=1.37 | duty[%]: A=100.0 B=100.0 C=100.0 D=100.0 | spread=1.220 bal=0 trip=0
[1074827.981] <- t=21655 freq=30.0 | I[A]: A=0.15 B=1.27 C=1.17 D=1.35 | duty[%]: A=100.0 B=100.0 C=100.0 D=100.0 | spread=1.197 bal=0 trip=0
[1074828.486] <- t=22155 freq=30.0 | I[A]: A=0.09 B=1.27 C=1.32 D=1.37 | duty[%]: A=100.0 B=100.0 C=100.0 D=100.0 | spread=1.279 bal=0 trip=0
[1074828.986] <- t=22655 freq=30.0 | I[A]: A=0.16 B=1.23 C=1.28 D=1.40 | duty[%]: A=100.0 B=100.0 C=100.0 D=100.0 | spread=1.241 bal=0 trip=0
[1074829.482] <- t=23155 freq=30.0 | I[A]: A=0.14 B=1.28 C=1.25 D=1.35 | duty[%]: A=100.0 B=100.0 C=100.0 D=100.0 | spread=1.207 bal=0 trip=0
[1074829.623] <- label=KILL_030HZ
[1074829.986] <- t=23655 freq=30.0 | I[A]: A=-1.13 B=1.26 C=-0.19 D=1.38 | duty[%]: A=0.0 B=100.0 C=0.0 D=100.0 | spread=2.508 bal=0 trip=0
[1074830.482] <- t=24155 freq=30.0 | I[A]: A=-1.13 B=1.27 C=-0.19 D=1.42 | duty[%]: A=0.0 B=100.0 C=0.0 D=100.0 | spread=2.550 bal=0 trip=0
[1074830.981] <- t=24655 freq=30.0 | I[A]: A=-1.13 B=1.27 C=-0.19 D=1.38 | duty[%]: A=0.0 B=100.0 C=0.0 D=100.0 | spread=2.509 bal=0 trip=0
[1074831.483] <- t=25156 freq=30.0 | I[A]: A=-1.13 B=1.25 C=-0.19 D=1.41 | duty[%]: A=0.0 B=100.0 C=0.0 D=100.0 | spread=2.537 bal=0 trip=0
[1074831.986] <- t=25657 freq=30.0 | I[A]: A=-1.13 B=1.26 C=-0.19 D=1.34 | duty[%]: A=0.0 B=100.0 C=0.0 D=100.0 | spread=2.473 bal=0 trip=0
[1074832.487] <- t=26158 freq=30.0 | I[A]: A=-1.13 B=1.19 C=-0.19 D=1.34 | duty[%]: A=0.0 B=100.0 C=0.0 D=100.0 | spread=2.465 bal=0 trip=0
[1074832.989] <- t=26659 freq=30.0 | I[A]: A=-1.13 B=1.17 C=-0.19 D=1.32 | duty[%]: A=0.0 B=100.0 C=0.0 D=100.0 | spread=2.450 bal=0 trip=0
[1074833.487] <- t=27159 freq=30.0 | I[A]: A=-1.13 B=1.17 C=-0.19 D=1.31 | duty[%]: A=0.0 B=100.0 C=0.0 D=100.0 | spread=2.438 bal=0 trip=0
[1074833.989] <- t=27659 freq=30.0 | I[A]: A=-1.13 B=1.19 C=-0.19 D=1.30 | duty[%]: A=0.0 B=100.0 C=0.0 D=100.0 | spread=2.427 bal=0 trip=0
[1074834.490] <- t=28159 freq=30.0 | I[A]: A=-1.13 B=1.14 C=-0.19 D=1.33 | duty[%]: A=0.0 B=100.0 C=0.0 D=100.0 | spread=2.457 bal=0 trip=0
[1074834.620] <- label=DOWN_030HZ
[1074834.985] <- t=28659 freq=29.7 | I[A]: A=-1.13 B=1.19 C=-0.19 D=1.33 | duty[%]: A=0.0 B=100.0 C=0.0 D=100.0 | spread=2.461 bal=0 trip=0
[1074835.492] <- t=29159 freq=28.0 | I[A]: A=-1.13 B=1.13 C=-0.19 D=1.27 | duty[%]: A=0.0 B=100.0 C=0.0 D=100.0 | spread=2.396 bal=0 trip=0
[1074835.985] <- t=29659 freq=23.8 | I[A]: A=-1.13 B=0.94 C=-0.19 D=1.09 | duty[%]: A=0.0 B=100.0 C=0.0 D=100.0 | spread=2.215 bal=0 trip=0
[1074836.490] <- t=30160 freq=17.2 | I[A]: A=-1.13 B=0.73 C=-0.19 D=0.90 | duty[%]: A=0.0 B=100.0 C=0.0 D=100.0 | spread=2.028 bal=0 trip=0
[1074836.986] <- t=30660 freq=9.9 | I[A]: A=-1.13 B=0.65 C=-0.19 D=0.42 | duty[%]: A=0.0 B=100.0 C=0.0 D=100.0 | spread=1.780 bal=0 trip=0
[1074837.496] <- t=31160 freq=4.2 | I[A]: A=-1.13 B=0.08 C=-0.19 D=0.21 | duty[%]: A=0.0 B=100.0 C=0.0 D=100.0 | spread=1.341 bal=0 trip=0
[1074837.988] <- t=31660 freq=1.1 | I[A]: A=-1.13 B=0.05 C=-0.19 D=0.00 | duty[%]: A=0.0 B=100.0 C=0.0 D=100.0 | spread=1.178 bal=0 trip=0
[1074838.486] <- t=32160 freq=0.0 | I[A]: A=-1.13 B=0.00 C=-0.19 D=0.00 | duty[%]: A=0.0 B=100.0 C=0.0 D=100.0 | spread=1.129 bal=0 trip=0
[1074838.987] <- t=32660 freq=0.0 | I[A]: A=-1.13 B=0.00 C=-0.19 D=0.00 | duty[%]: A=0.0 B=0.0 C=0.0 D=0.0 | spread=1.129 bal=0 trip=0
[1074839.491] <- t=33161 freq=0.0 | I[A]: A=-1.13 B=0.00 C=-0.19 D=0.00 | duty[%]: A=0.0 B=0.0 C=0.0 D=0.0 | spread=1.129 bal=0 trip=0
[1074839.990] <- t=33662 freq=0.0 | I[A]: A=-1.13 B=0.00 C=-0.19 D=0.00 | duty[%]: A=0.0 B=0.0 C=0.0 D=0.0 | spread=1.129 bal=0 trip=0
[1074840.490] <- t=34163 freq=0.0 | I[A]: A=-1.13 B=0.00 C=-0.19 D=0.00 | duty[%]: A=0.0 B=0.0 C=0.0 D=0.0 | spread=1.129 bal=0 trip=0
[1074840.991] <- t=34663 freq=0.0 | I[A]: A=-1.13 B=0.00 C=-0.19 D=0.00 | duty[%]: A=0.0 B=0.0 C=0.0 D=0.0 | spread=1.129 bal=0 trip=0
[1074841.493] <- t=35163 freq=0.0 | I[A]: A=-1.13 B=0.00 C=-0.19 D=0.00 | duty[%]: A=0.0 B=0.0 C=0.0 D=0.0 | spread=1.129 bal=0 trip=0
[1074841.992] <- t=35663 freq=0.0 | I[A]: A=-1.13 B=0.00 C=-0.19 D=0.00 | duty[%]: A=0.0 B=0.0 C=0.0 D=0.0 | spread=1.129 bal=0 trip=0
[1074842.492] <- t=36164 freq=0.0 | I[A]: A=-1.13 B=0.00 C=-0.19 D=0.00 | duty[%]: A=0.0 B=0.0 C=0.0 D=0.0 | spread=1.129 bal=0 trip=0
[1074842.993] <- t=36664 freq=0.0 | I[A]: A=-1.13 B=0.00 C=-0.19 D=0.00 | duty[%]: A=0.0 B=0.0 C=0.0 D=0.0 | spread=1.129 bal=0 trip=0
[1074843.496] <- t=37164 freq=0.0 | I[A]: A=-1.13 B=0.00 C=-0.19 D=0.00 | duty[%]: A=0.0 B=0.0 C=0.0 D=0.0 | spread=1.129 bal=0 trip=0
[1074843.994] <- t=37664 freq=0.0 | I[A]: A=-1.13 B=0.00 C=-0.19 D=0.00 | duty[%]: A=0.0 B=0.0 C=0.0 D=0.0 | spread=1.129 bal=0 trip=0
[1074844.494] <- t=38164 freq=0.0 | I[A]: A=-1.13 B=0.00 C=-0.19 D=0.00 | duty[%]: A=0.0 B=0.0 C=0.0 D=0.0 | spread=1.129 bal=0 trip=0
[1074844.994] <- t=38664 freq=0.0 | I[A]: A=-1.13 B=0.00 C=-0.19 D=0.00 | duty[%]: A=0.0 B=0.0 C=0.0 D=0.0 | spread=1.129 bal=0 trip=0
[1074845.493] <- t=39164 freq=0.0 | I[A]: A=-1.13 B=0.00 C=-0.19 D=0.00 | duty[%]: A=0.0 B=0.0 C=0.0 D=0.0 | spread=1.129 bal=0 trip=0
[1074845.995] <- t=39664 freq=0.0 | I[A]: A=-1.13 B=0.00 C=-0.19 D=0.00 | duty[%]: A=0.0 B=0.0 C=0.0 D=0.0 | spread=1.129 bal=0 trip=0
[1074846.492] <- t=40164 freq=0.0 | I[A]: A=-1.13 B=0.00 C=-0.19 D=0.00 | duty[%]: A=0.0 B=0.0 C=0.0 D=0.0 | spread=1.129 bal=0 trip=0
[1074846.996] <- t=40664 freq=0.0 | I[A]: A=-1.13 B=0.00 C=-0.19 D=0.00 | duty[%]: A=0.0 B=0.0 C=0.0 D=0.0 | spread=1.129 bal=0 trip=0
[1074847.490] <- t=41164 freq=0.0 | I[A]: A=-1.13 B=0.00 C=-0.19 D=0.00 | duty[%]: A=0.0 B=0.0 C=0.0 D=0.0 | spread=1.129 bal=0 trip=0
[1074847.997] <- t=41665 freq=0.0 | I[A]: A=-1.13 B=0.00 C=-0.19 D=0.00 | duty[%]: A=0.0 B=0.0 C=0.0 D=0.0 | spread=1.129 bal=0 trip=0
[1074848.495] <- t=42166 freq=0.0 | I[A]: A=-1.13 B=0.00 C=-0.19 D=0.00 | duty[%]: A=0.0 B=0.0 C=0.0 D=0.0 | spread=1.129 bal=0 trip=0
[1074848.996] <- t=42667 freq=0.0 | I[A]: A=-1.13 B=0.00 C=-0.19 D=0.00 | duty[%]: A=0.0 B=0.0 C=0.0 D=0.0 | spread=1.129 bal=0 trip=0
[1074849.494] <- t=43168 freq=0.0 | I[A]: A=-1.13 B=0.00 C=-0.19 D=0.00 | duty[%]: A=0.0 B=0.0 C=0.0 D=0.0 | spread=1.129 bal=0 trip=0
[1074849.995] <- t=43669 freq=0.0 | I[A]: A=-1.13 B=0.00 C=-0.19 D=0.00 | duty[%]: A=0.0 B=0.0 C=0.0 D=0.0 | spread=1.129 bal=0 trip=0
[1074850.501] <- t=44170 freq=0.0 | I[A]: A=-1.13 B=0.00 C=-0.19 D=0.00 | duty[%]: A=0.0 B=0.0 C=0.0 D=0.0 | spread=1.129 bal=0 trip=0
[1074850.999] <- t=44670 freq=0.0 | I[A]: A=-1.13 B=0.00 C=-0.19 D=0.00 | duty[%]: A=0.0 B=0.0 C=0.0 D=0.0 | spread=1.129 bal=0 trip=0
[1074851.499] <- t=45170 freq=0.0 | I[A]: A=-1.13 B=0.00 C=-0.19 D=0.00 | duty[%]: A=0.0 B=0.0 C=0.0 D=0.0 | spread=1.129 bal=0 trip=0
[1074851.997] <- t=45670 freq=0.0 | I[A]: A=-1.13 B=0.00 C=-0.19 D=0.00 | duty[%]: A=0.0 B=0.0 C=0.0 D=0.0 | spread=1.129 bal=0 trip=0
[1074852.498] <- t=46171 freq=0.0 | I[A]: A=-1.13 B=0.00 C=-0.19 D=0.00 | duty[%]: A=0.0 B=0.0 C=0.0 D=0.0 | spread=1.129 bal=0 trip=0
[1074853.013] <- t=46672 freq=0.0 | I[A]: A=-1.13 B=0.00 C=-0.19 D=0.00 | duty[%]: A=0.0 B=0.0 C=0.0 D=0.0 | spread=1.129 bal=0 trip=0
[1074853.501] <- t=47173 freq=0.0 | I[A]: A=-1.13 B=0.00 C=-0.19 D=0.00 | duty[%]: A=0.0 B=0.0 C=0.0 D=0.0 | spread=1.129 bal=0 trip=0
[1074853.625] <- label=TILT_OFF
