solver exited 14:00:28
  80 Hz: 1 usable repeats, skipped
pre-cut tilt band: 8.9-45.1 deg (median 27.0, robust sigma 6.0)
/Users/meli/Desktop/Kevin/UCB/FlyingRobotsLinLiweiLab/ESP32_PMW/controller/control/alignment_rate.py:1604: UserWarning: This figure includes Axes that are not compatible with tight_layout, so results might be incorrect.
  fig.tight_layout()

 freq   n |   median     MAD |  modal     mean     sd |  rate fit     MAD     jump     HINGE     mad  lag ms
   10  10 |    11.01   12.95 |  6/10      7.25   5.17 |     43.00   26.79   259.90       nan     nan     nan
   20  10 |    21.62   21.38 |  5/10     24.20  10.11 |     14.59    3.94   256.98    879.57  485.12    39.2
   30  10 |    25.55    7.67 |  7/10     22.77   3.41 |     66.49    7.75   364.33    405.53  184.03    12.3
   40  10 |    22.73    2.97 |  8/10     23.00   2.68 |     72.54   32.45   385.69    564.60   85.91    15.4
   50   8 |    31.83    4.79 |  6/8      33.45   6.47 |     97.51   17.33   507.43    992.01   59.63    22.0
   60  10 |    26.26   10.32 |  7/10     27.65   5.62 |     91.32   10.28   400.18    992.20  210.00    18.7
   70  10 |    27.56   15.58 |  6/10     26.28   6.75 |     92.43   10.98   673.71    981.52  187.57     7.2

-> results/alignment_rate/20260914_droneC_10hzs/report
=== settle 14:00:35
/Users/meli/Desktop/Kevin/UCB/FlyingRobotsLinLiweiLab/ESP32_PMW/controller/control/alignment_rate.py:2722: RuntimeWarning: All-NaN slice encountered
  ratio = np.nanmin(np.vstack(per_cam), axis=0) if len(per_cam) > 1 else per_cam[0]
/Users/meli/Desktop/Kevin/UCB/FlyingRobotsLinLiweiLab/ESP32_PMW/controller/control/alignment_rate.py:3115: RuntimeWarning: All-NaN slice encountered
  med = np.nanmedian(np.vstack(stack), axis=0)
/Users/meli/Desktop/Kevin/UCB/FlyingRobotsLinLiweiLab/ESP32_PMW/controller/control/alignment_rate.py:3115: RuntimeWarning: All-NaN slice encountered
  med = np.nanmedian(np.vstack(stack), axis=0)
/Users/meli/Desktop/Kevin/UCB/FlyingRobotsLinLiweiLab/ESP32_PMW/controller/control/alignment_rate.py:3115: RuntimeWarning: All-NaN slice encountered
  med = np.nanmedian(np.vstack(stack), axis=0)
/Users/meli/Desktop/Kevin/UCB/FlyingRobotsLinLiweiLab/ESP32_PMW/controller/control/alignment_rate.py:3115: RuntimeWarning: All-NaN slice encountered
  med = np.nanmedian(np.vstack(stack), axis=0)
/Users/meli/Desktop/Kevin/UCB/FlyingRobotsLinLiweiLab/ESP32_PMW/controller/control/alignment_rate.py:3115: RuntimeWarning: All-NaN slice encountered
  med = np.nanmedian(np.vstack(stack), axis=0)
/Users/meli/Desktop/Kevin/UCB/FlyingRobotsLinLiweiLab/ESP32_PMW/controller/control/alignment_rate.py:3115: RuntimeWarning: All-NaN slice encountered
  med = np.nanmedian(np.vstack(stack), axis=0)
/Users/meli/Desktop/Kevin/UCB/FlyingRobotsLinLiweiLab/ESP32_PMW/controller/control/alignment_rate.py:3115: RuntimeWarning: All-NaN slice encountered
  med = np.nanmedian(np.vstack(stack), axis=0)
    f   n settled  t_settle     rise    swing  d_azim |   pre  peak  final   c_set  c_tau n_ctau
   10  10   0/10        nan      nan     9.84    10.9 | 16.10 30.03  15.59     nan  0.664   7/10 
   20  10   8/10      1.416    0.465    12.65    21.9 |  5.09  9.46   4.47   2.099  0.693   9/10 
   30  10   8/10      0.942    0.373    12.50    -1.1 |  1.27  7.41   2.63   1.937  0.666  10/10 
   40  10   6/10      1.955    0.339    12.72   -11.0 |  0.69  4.89   2.20   2.378  0.216   9/10 
   50   8   7/8       1.139    0.277    14.48   -15.6 |  0.58  6.26   1.57   1.632  0.306   7/8  
   60  10  10/10      0.995    0.361    14.98    -5.8 |  0.53  7.27   1.39   0.937  0.271  10/10 
   70  10   6/10      0.798    0.293    14.38    -4.9 |  0.76  7.82   1.34   0.784  0.174   9/10 

1 take(s) not measured:
     80 Hz  2026-09-14_123952  no usable kill

wrote results/alignment_rate/20260914_droneC_10hzs/report/settling.csv, settling_by_freq.csv, axis_vs_time_*.png, settle_vs_frequency.png
