sweep: [(10.0, 10), (20.0, 10), (30.0, 10), (40.0, 10), (50.0, 10), (60.0, 10), (70.0, 10), (80.0, 10), (90.0, 5), (100.0, 5), (110.0, 5), (120.0, 5)] -> results/alignment_rate/20260914_droneC_10hzs
  0 good takes already on disk, 100 to record
  disk: 14518 MB free on /Users/meli/Desktop/Kevin/UCB/FlyingRobotsLinLiweiLab/ESP32_PMW/results/flights, 100 takes need ~3250 MB

  cooling 20 s before the first 10 Hz take (model ~22 C)
/Users/meli/Desktop/Kevin/UCB/FlyingRobotsLinLiweiLab/ESP32_PMW/spiffs_data/tilt.json: 10 Hz, ramp 6 s (dwell 4.2 s), 31 s energised
   flash with:  pio run -e tilt -t uploadfs && pio run -e tilt -t upload
   NOTE flashing starts the run.
  10 Hz SKIPPED: uploadfs failed for 10 Hz:
ProjectOptionValueError: Invalid value: '` 115200' is not a valid integer. for `upload_speed` option in the `env` section (A connection speed (baud rate) which `uploader` tool uses when sending firmware to a board)


  cooling 20 s before the first 20 Hz take (model ~22 C)
platformio.ini restored
sweep: [(10.0, 10), (20.0, 10), (30.0, 10), (40.0, 10), (50.0, 10), (60.0, 10), (70.0, 10), (80.0, 10), (90.0, 5), (100.0, 5), (110.0, 5), (120.0, 5)] -> results/alignment_rate/20260914_droneC_10hzs
  0 good takes already on disk, 100 to record
  disk: 15732 MB free on /Users/meli/Desktop/Kevin/UCB/FlyingRobotsLinLiweiLab/ESP32_PMW/results/flights, 100 takes need ~3250 MB

  cooling 20 s before the first 10 Hz take (model ~22 C)
/Users/meli/Desktop/Kevin/UCB/FlyingRobotsLinLiweiLab/ESP32_PMW/spiffs_data/tilt.json: 10 Hz, ramp 6 s (dwell 4.2 s), 31 s energised
   flash with:  pio run -e tilt -t uploadfs && pio run -e tilt -t upload
   NOTE flashing starts the run.
  flashed 10 Hz
[coils] board parked in the bootloader, app not running

=== 10 Hz x 10 ===
  ramp 6 s (dwell 4.2 s below pull-in), 31 s energised per repeat
  predicted heat 0.07 C/repeat, 0.7 C for the chunk, against 48 C of headroom now
    label=FREQ_010HZ
    label=SETTLE_010HZ
    label=HOLD_010HZ
    label=KILL_010HZ
    label=DOWN_010HZ
    label=TILT_OFF

-- 10 Hz repeat 1/10 (model says ~22 C) --
[coils] THERMAL GATE BYPASSED at the operator's instruction: ~22C now, this run adds ~16C, ceiling is 70C. Watch the coils.
filming -> /Users/meli/Desktop/Kevin/UCB/FlyingRobotsLinLiweiLab/ESP32_PMW/results/flights/2026-09-14_092327
log      -> /Users/meli/Desktop/Kevin/UCB/FlyingRobotsLinLiweiLab/ESP32_PMW/results/tilt_sweep/20260914_092327_droneC/sweep.log
  label=SETTLE_010HZ
  label=HOLD_010HZ
  label=KILL_010HZ
  label=DOWN_010HZ
  label=TILT_OFF
[coils] 46s energised this session -> ~45C estimated
  9639 frame(s) -> /Users/meli/Desktop/Kevin/UCB/FlyingRobotsLinLiweiLab/ESP32_PMW/results/flights/2026-09-14_092327
[coils] board parked in the bootloader, app not running
schedule finished
  outcome=ok  measured heat 0.09 C from 62 telemetry samples
  cooling 20 s before repeat 2

-- 10 Hz repeat 2/10 (model says ~23 C) --
[coils] THERMAL GATE BYPASSED at the operator's instruction: ~23C now, this run adds ~16C, ceiling is 70C. Watch the coils.
filming -> /Users/meli/Desktop/Kevin/UCB/FlyingRobotsLinLiweiLab/ESP32_PMW/results/flights/2026-09-14_092439
log      -> /Users/meli/Desktop/Kevin/UCB/FlyingRobotsLinLiweiLab/ESP32_PMW/results/tilt_sweep/20260914_092439_droneC/sweep.log
  label=SETTLE_010HZ
  label=HOLD_010HZ
  label=KILL_010HZ
  label=DOWN_010HZ
  label=TILT_OFF
[coils] 46s energised this session -> ~46C estimated
  9630 frame(s) -> /Users/meli/Desktop/Kevin/UCB/FlyingRobotsLinLiweiLab/ESP32_PMW/results/flights/2026-09-14_092439
[coils] board parked in the bootloader, app not running
schedule finished
  outcome=ok  measured heat 0.09 C from 63 telemetry samples
  cooling 20 s before repeat 3

-- 10 Hz repeat 3/10 (model says ~23 C) --
[coils] THERMAL GATE BYPASSED at the operator's instruction: ~23C now, this run adds ~16C, ceiling is 70C. Watch the coils.
filming -> /Users/meli/Desktop/Kevin/UCB/FlyingRobotsLinLiweiLab/ESP32_PMW/results/flights/2026-09-14_092552
log      -> /Users/meli/Desktop/Kevin/UCB/FlyingRobotsLinLiweiLab/ESP32_PMW/results/tilt_sweep/20260914_092552_droneC/sweep.log
  label=SETTLE_010HZ
  label=HOLD_010HZ
  label=KILL_010HZ
  label=DOWN_010HZ
  label=TILT_OFF
[coils] 46s energised this session -> ~46C estimated
  9628 frame(s) -> /Users/meli/Desktop/Kevin/UCB/FlyingRobotsLinLiweiLab/ESP32_PMW/results/flights/2026-09-14_092552
[coils] board parked in the bootloader, app not running
schedule finished
  outcome=ok  measured heat 0.10 C from 63 telemetry samples
  cooling 20 s before repeat 4

-- 10 Hz repeat 4/10 (model says ~23 C) --
[coils] THERMAL GATE BYPASSED at the operator's instruction: ~23C now, this run adds ~16C, ceiling is 70C. Watch the coils.
filming -> /Users/meli/Desktop/Kevin/UCB/FlyingRobotsLinLiweiLab/ESP32_PMW/results/flights/2026-09-14_092705
log      -> /Users/meli/Desktop/Kevin/UCB/FlyingRobotsLinLiweiLab/ESP32_PMW/results/tilt_sweep/20260914_092705_droneC/sweep.log
  label=SETTLE_010HZ
  label=HOLD_010HZ
  label=KILL_010HZ
  label=DOWN_010HZ
  label=TILT_OFF
[coils] 46s energised this session -> ~46C estimated
  9578 frame(s) -> /Users/meli/Desktop/Kevin/UCB/FlyingRobotsLinLiweiLab/ESP32_PMW/results/flights/2026-09-14_092705
[coils] board parked in the bootloader, app not running
schedule finished
  outcome=ok  measured heat 0.10 C from 63 telemetry samples
  cooling 20 s before repeat 5

-- 10 Hz repeat 5/10 (model says ~23 C) --
[coils] THERMAL GATE BYPASSED at the operator's instruction: ~23C now, this run adds ~16C, ceiling is 70C. Watch the coils.
filming -> /Users/meli/Desktop/Kevin/UCB/FlyingRobotsLinLiweiLab/ESP32_PMW/results/flights/2026-09-14_092817
log      -> /Users/meli/Desktop/Kevin/UCB/FlyingRobotsLinLiweiLab/ESP32_PMW/results/tilt_sweep/20260914_092817_droneC/sweep.log
  label=SETTLE_010HZ
  label=HOLD_010HZ
  label=KILL_010HZ
  label=DOWN_010HZ
  label=TILT_OFF
[coils] 46s energised this session -> ~46C estimated
  9610 frame(s) -> /Users/meli/Desktop/Kevin/UCB/FlyingRobotsLinLiweiLab/ESP32_PMW/results/flights/2026-09-14_092817
[coils] board parked in the bootloader, app not running
schedule finished
  outcome=ok  measured heat 0.10 C from 63 telemetry samples
  cooling 20 s before repeat 6

-- 10 Hz repeat 6/10 (model says ~23 C) --
[coils] THERMAL GATE BYPASSED at the operator's instruction: ~23C now, this run adds ~16C, ceiling is 70C. Watch the coils.
filming -> /Users/meli/Desktop/Kevin/UCB/FlyingRobotsLinLiweiLab/ESP32_PMW/results/flights/2026-09-14_092930
log      -> /Users/meli/Desktop/Kevin/UCB/FlyingRobotsLinLiweiLab/ESP32_PMW/results/tilt_sweep/20260914_092930_droneC/sweep.log
  label=SETTLE_010HZ
  label=HOLD_010HZ
  label=KILL_010HZ
  label=DOWN_010HZ
  label=TILT_OFF
[coils] 46s energised this session -> ~46C estimated
  9480 frame(s) -> /Users/meli/Desktop/Kevin/UCB/FlyingRobotsLinLiweiLab/ESP32_PMW/results/flights/2026-09-14_092930
[coils] board parked in the bootloader, app not running
schedule finished
  outcome=ok  measured heat 0.09 C from 63 telemetry samples
  cooling 20 s before repeat 7

-- 10 Hz repeat 7/10 (model says ~24 C) --
[coils] THERMAL GATE BYPASSED at the operator's instruction: ~24C now, this run adds ~16C, ceiling is 70C. Watch the coils.
filming -> /Users/meli/Desktop/Kevin/UCB/FlyingRobotsLinLiweiLab/ESP32_PMW/results/flights/2026-09-14_093043
log      -> /Users/meli/Desktop/Kevin/UCB/FlyingRobotsLinLiweiLab/ESP32_PMW/results/tilt_sweep/20260914_093043_droneC/sweep.log
  label=SETTLE_010HZ
  label=HOLD_010HZ
  label=KILL_010HZ
  label=DOWN_010HZ
  label=TILT_OFF
[coils] 46s energised this session -> ~46C estimated
  9471 frame(s) -> /Users/meli/Desktop/Kevin/UCB/FlyingRobotsLinLiweiLab/ESP32_PMW/results/flights/2026-09-14_093043
[coils] board parked in the bootloader, app not running
schedule finished
  outcome=ok  measured heat 0.10 C from 63 telemetry samples
  cooling 20 s before repeat 8

-- 10 Hz repeat 8/10 (model says ~24 C) --
[coils] THERMAL GATE BYPASSED at the operator's instruction: ~24C now, this run adds ~16C, ceiling is 70C. Watch the coils.
filming -> /Users/meli/Desktop/Kevin/UCB/FlyingRobotsLinLiweiLab/ESP32_PMW/results/flights/2026-09-14_093157
log      -> /Users/meli/Desktop/Kevin/UCB/FlyingRobotsLinLiweiLab/ESP32_PMW/results/tilt_sweep/20260914_093157_droneC/sweep.log
  label=SETTLE_010HZ
  label=HOLD_010HZ
  label=KILL_010HZ
  label=DOWN_010HZ
  label=TILT_OFF
[coils] 46s energised this session -> ~47C estimated
  9501 frame(s) -> /Users/meli/Desktop/Kevin/UCB/FlyingRobotsLinLiweiLab/ESP32_PMW/results/flights/2026-09-14_093157
[coils] board parked in the bootloader, app not running
schedule finished
  outcome=ok  measured heat 0.09 C from 63 telemetry samples
  cooling 20 s before repeat 9

-- 10 Hz repeat 9/10 (model says ~24 C) --
[coils] THERMAL GATE BYPASSED at the operator's instruction: ~24C now, this run adds ~16C, ceiling is 70C. Watch the coils.
filming -> /Users/meli/Desktop/Kevin/UCB/FlyingRobotsLinLiweiLab/ESP32_PMW/results/flights/2026-09-14_093310
log      -> /Users/meli/Desktop/Kevin/UCB/FlyingRobotsLinLiweiLab/ESP32_PMW/results/tilt_sweep/20260914_093310_droneC/sweep.log
  label=SETTLE_010HZ
  label=HOLD_010HZ
  label=KILL_010HZ
  label=DOWN_010HZ
  label=TILT_OFF
[coils] 46s energised this session -> ~47C estimated
  9576 frame(s) -> /Users/meli/Desktop/Kevin/UCB/FlyingRobotsLinLiweiLab/ESP32_PMW/results/flights/2026-09-14_093310
[coils] board parked in the bootloader, app not running
schedule finished
  outcome=ok  measured heat 0.09 C from 63 telemetry samples
  cooling 20 s before repeat 10

-- 10 Hz repeat 10/10 (model says ~24 C) --
[coils] THERMAL GATE BYPASSED at the operator's instruction: ~24C now, this run adds ~16C, ceiling is 70C. Watch the coils.
filming -> /Users/meli/Desktop/Kevin/UCB/FlyingRobotsLinLiweiLab/ESP32_PMW/results/flights/2026-09-14_093423
log      -> /Users/meli/Desktop/Kevin/UCB/FlyingRobotsLinLiweiLab/ESP32_PMW/results/tilt_sweep/20260914_093423_droneC/sweep.log
  label=SETTLE_010HZ
  label=HOLD_010HZ
  label=KILL_010HZ
  label=DOWN_010HZ
  label=TILT_OFF
[coils] 46s energised this session -> ~47C estimated
  9639 frame(s) -> /Users/meli/Desktop/Kevin/UCB/FlyingRobotsLinLiweiLab/ESP32_PMW/results/flights/2026-09-14_093423
[coils] board parked in the bootloader, app not running
schedule finished
  outcome=ok  measured heat 0.09 C from 63 telemetry samples

10 Hz: 10/10 good, 0.9 C added -> results/alignment_rate/20260914_droneC_10hzs/010hz

  cooling 20 s before the first 20 Hz take (model ~24 C)
/Users/meli/Desktop/Kevin/UCB/FlyingRobotsLinLiweiLab/ESP32_PMW/spiffs_data/tilt.json: 20 Hz, ramp 6.5 s (dwell 4.2 s), 32 s energised
   flash with:  pio run -e tilt -t uploadfs && pio run -e tilt -t upload
   NOTE flashing starts the run.
  flashed 20 Hz
[coils] board parked in the bootloader, app not running

=== 20 Hz x 10 ===
  ramp 6 s (dwell 4.2 s below pull-in), 32 s energised per repeat
  predicted heat 0.28 C/repeat, 2.8 C for the chunk, against 46 C of headroom now
    label=FREQ_020HZ
    label=SETTLE_020HZ
    label=HOLD_020HZ
    label=KILL_020HZ
    label=DOWN_020HZ
    label=TILT_OFF

-- 20 Hz repeat 1/10 (model says ~24 C) --
[coils] THERMAL GATE BYPASSED at the operator's instruction: ~24C now, this run adds ~16C, ceiling is 70C. Watch the coils.
filming -> /Users/meli/Desktop/Kevin/UCB/FlyingRobotsLinLiweiLab/ESP32_PMW/results/flights/2026-09-14_093547
log      -> /Users/meli/Desktop/Kevin/UCB/FlyingRobotsLinLiweiLab/ESP32_PMW/results/tilt_sweep/20260914_093547_droneC/sweep.log
  label=SETTLE_020HZ
  label=HOLD_020HZ
  label=KILL_020HZ
  label=DOWN_020HZ
  label=TILT_OFF
[coils] 46s energised this session -> ~47C estimated
  9776 frame(s) -> /Users/meli/Desktop/Kevin/UCB/FlyingRobotsLinLiweiLab/ESP32_PMW/results/flights/2026-09-14_093547
[coils] board parked in the bootloader, app not running
schedule finished
  outcome=ok  measured heat 0.35 C from 64 telemetry samples
  cooling 20 s before repeat 2

-- 20 Hz repeat 2/10 (model says ~25 C) --
[coils] THERMAL GATE BYPASSED at the operator's instruction: ~25C now, this run adds ~16C, ceiling is 70C. Watch the coils.
filming -> /Users/meli/Desktop/Kevin/UCB/FlyingRobotsLinLiweiLab/ESP32_PMW/results/flights/2026-09-14_093700
log      -> /Users/meli/Desktop/Kevin/UCB/FlyingRobotsLinLiweiLab/ESP32_PMW/results/tilt_sweep/20260914_093700_droneC/sweep.log
  label=SETTLE_020HZ
  label=HOLD_020HZ
  label=KILL_020HZ
  label=DOWN_020HZ
  label=TILT_OFF
[coils] 46s energised this session -> ~48C estimated
  9769 frame(s) -> /Users/meli/Desktop/Kevin/UCB/FlyingRobotsLinLiweiLab/ESP32_PMW/results/flights/2026-09-14_093700
[coils] board parked in the bootloader, app not running
schedule finished
  outcome=ok  measured heat 0.30 C from 64 telemetry samples
  cooling 20 s before repeat 3

-- 20 Hz repeat 3/10 (model says ~26 C) --
[coils] THERMAL GATE BYPASSED at the operator's instruction: ~26C now, this run adds ~16C, ceiling is 70C. Watch the coils.
filming -> /Users/meli/Desktop/Kevin/UCB/FlyingRobotsLinLiweiLab/ESP32_PMW/results/flights/2026-09-14_093814
log      -> /Users/meli/Desktop/Kevin/UCB/FlyingRobotsLinLiweiLab/ESP32_PMW/results/tilt_sweep/20260914_093814_droneC/sweep.log
  label=SETTLE_020HZ
  label=HOLD_020HZ
  label=KILL_020HZ
  label=DOWN_020HZ
  label=TILT_OFF
[coils] 46s energised this session -> ~49C estimated
  9746 frame(s) -> /Users/meli/Desktop/Kevin/UCB/FlyingRobotsLinLiweiLab/ESP32_PMW/results/flights/2026-09-14_093814
[coils] board parked in the bootloader, app not running
schedule finished
  outcome=ok  measured heat 0.33 C from 64 telemetry samples
  cooling 20 s before repeat 4

-- 20 Hz repeat 4/10 (model says ~26 C) --
[coils] THERMAL GATE BYPASSED at the operator's instruction: ~26C now, this run adds ~16C, ceiling is 70C. Watch the coils.
filming -> /Users/meli/Desktop/Kevin/UCB/FlyingRobotsLinLiweiLab/ESP32_PMW/results/flights/2026-09-14_093926
log      -> /Users/meli/Desktop/Kevin/UCB/FlyingRobotsLinLiweiLab/ESP32_PMW/results/tilt_sweep/20260914_093926_droneC/sweep.log
  label=SETTLE_020HZ
  label=HOLD_020HZ
  label=KILL_020HZ
  label=DOWN_020HZ
  label=TILT_OFF
[coils] 46s energised this session -> ~49C estimated
  9763 frame(s) -> /Users/meli/Desktop/Kevin/UCB/FlyingRobotsLinLiweiLab/ESP32_PMW/results/flights/2026-09-14_093926
[coils] board parked in the bootloader, app not running
schedule finished
  outcome=ok  measured heat 0.33 C from 64 telemetry samples
  cooling 20 s before repeat 5

-- 20 Hz repeat 5/10 (model says ~27 C) --
[coils] THERMAL GATE BYPASSED at the operator's instruction: ~27C now, this run adds ~16C, ceiling is 70C. Watch the coils.
filming -> /Users/meli/Desktop/Kevin/UCB/FlyingRobotsLinLiweiLab/ESP32_PMW/results/flights/2026-09-14_094039
log      -> /Users/meli/Desktop/Kevin/UCB/FlyingRobotsLinLiweiLab/ESP32_PMW/results/tilt_sweep/20260914_094039_droneC/sweep.log
  label=SETTLE_020HZ
  label=HOLD_020HZ
  label=KILL_020HZ
  label=DOWN_020HZ
  label=TILT_OFF
[coils] 46s energised this session -> ~50C estimated
  9766 frame(s) -> /Users/meli/Desktop/Kevin/UCB/FlyingRobotsLinLiweiLab/ESP32_PMW/results/flights/2026-09-14_094039
[coils] board parked in the bootloader, app not running
schedule finished
  outcome=ok  measured heat 0.31 C from 64 telemetry samples
  cooling 20 s before repeat 6

-- 20 Hz repeat 6/10 (model says ~27 C) --
[coils] THERMAL GATE BYPASSED at the operator's instruction: ~27C now, this run adds ~16C, ceiling is 70C. Watch the coils.
filming -> /Users/meli/Desktop/Kevin/UCB/FlyingRobotsLinLiweiLab/ESP32_PMW/results/flights/2026-09-14_094152
log      -> /Users/meli/Desktop/Kevin/UCB/FlyingRobotsLinLiweiLab/ESP32_PMW/results/tilt_sweep/20260914_094152_droneC/sweep.log
  label=SETTLE_020HZ
  label=HOLD_020HZ
  label=KILL_020HZ
  label=DOWN_020HZ
  label=TILT_OFF
[coils] 46s energised this session -> ~50C estimated
  9753 frame(s) -> /Users/meli/Desktop/Kevin/UCB/FlyingRobotsLinLiweiLab/ESP32_PMW/results/flights/2026-09-14_094152
[coils] board parked in the bootloader, app not running
schedule finished
  outcome=ok  measured heat 0.32 C from 64 telemetry samples
  cooling 20 s before repeat 7

-- 20 Hz repeat 7/10 (model says ~28 C) --
[coils] THERMAL GATE BYPASSED at the operator's instruction: ~28C now, this run adds ~16C, ceiling is 70C. Watch the coils.
filming -> /Users/meli/Desktop/Kevin/UCB/FlyingRobotsLinLiweiLab/ESP32_PMW/results/flights/2026-09-14_094305
log      -> /Users/meli/Desktop/Kevin/UCB/FlyingRobotsLinLiweiLab/ESP32_PMW/results/tilt_sweep/20260914_094305_droneC/sweep.log
  label=SETTLE_020HZ
  label=HOLD_020HZ
  label=KILL_020HZ
  label=DOWN_020HZ
  label=TILT_OFF
[coils] 46s energised this session -> ~51C estimated
  9762 frame(s) -> /Users/meli/Desktop/Kevin/UCB/FlyingRobotsLinLiweiLab/ESP32_PMW/results/flights/2026-09-14_094305
[coils] board parked in the bootloader, app not running
schedule finished
  outcome=ok  measured heat 0.34 C from 64 telemetry samples
  cooling 20 s before repeat 8

-- 20 Hz repeat 8/10 (model says ~29 C) --
[coils] THERMAL GATE BYPASSED at the operator's instruction: ~29C now, this run adds ~16C, ceiling is 70C. Watch the coils.
filming -> /Users/meli/Desktop/Kevin/UCB/FlyingRobotsLinLiweiLab/ESP32_PMW/results/flights/2026-09-14_094419
log      -> /Users/meli/Desktop/Kevin/UCB/FlyingRobotsLinLiweiLab/ESP32_PMW/results/tilt_sweep/20260914_094419_droneC/sweep.log
  label=SETTLE_020HZ
  label=HOLD_020HZ
  label=KILL_020HZ
  label=DOWN_020HZ
  label=TILT_OFF
[coils] 46s energised this session -> ~52C estimated
  9773 frame(s) -> /Users/meli/Desktop/Kevin/UCB/FlyingRobotsLinLiweiLab/ESP32_PMW/results/flights/2026-09-14_094419
[coils] board parked in the bootloader, app not running
schedule finished
  outcome=ok  measured heat 0.33 C from 64 telemetry samples
  cooling 20 s before repeat 9

-- 20 Hz repeat 9/10 (model says ~29 C) --
[coils] THERMAL GATE BYPASSED at the operator's instruction: ~29C now, this run adds ~16C, ceiling is 70C. Watch the coils.
filming -> /Users/meli/Desktop/Kevin/UCB/FlyingRobotsLinLiweiLab/ESP32_PMW/results/flights/2026-09-14_094532
log      -> /Users/meli/Desktop/Kevin/UCB/FlyingRobotsLinLiweiLab/ESP32_PMW/results/tilt_sweep/20260914_094532_droneC/sweep.log
  label=SETTLE_020HZ
  label=HOLD_020HZ
  label=KILL_020HZ
  label=DOWN_020HZ
  label=TILT_OFF
[coils] 46s energised this session -> ~52C estimated
  9774 frame(s) -> /Users/meli/Desktop/Kevin/UCB/FlyingRobotsLinLiweiLab/ESP32_PMW/results/flights/2026-09-14_094532
[coils] board parked in the bootloader, app not running
schedule finished
  outcome=ok  measured heat 0.34 C from 64 telemetry samples
  cooling 20 s before repeat 10

-- 20 Hz repeat 10/10 (model says ~30 C) --
[coils] THERMAL GATE BYPASSED at the operator's instruction: ~30C now, this run adds ~16C, ceiling is 70C. Watch the coils.
filming -> /Users/meli/Desktop/Kevin/UCB/FlyingRobotsLinLiweiLab/ESP32_PMW/results/flights/2026-09-14_094645
log      -> /Users/meli/Desktop/Kevin/UCB/FlyingRobotsLinLiweiLab/ESP32_PMW/results/tilt_sweep/20260914_094645_droneC/sweep.log
  label=SETTLE_020HZ
  label=HOLD_020HZ
  label=KILL_020HZ
  label=DOWN_020HZ
  label=TILT_OFF
[coils] 46s energised this session -> ~53C estimated
  9774 frame(s) -> /Users/meli/Desktop/Kevin/UCB/FlyingRobotsLinLiweiLab/ESP32_PMW/results/flights/2026-09-14_094645
[coils] board parked in the bootloader, app not running
schedule finished
  outcome=ok  measured heat 0.35 C from 64 telemetry samples

20 Hz: 10/10 good, 3.3 C added -> results/alignment_rate/20260914_droneC_10hzs/020hz

  cooling 20 s before the first 30 Hz take (model ~30 C)
/Users/meli/Desktop/Kevin/UCB/FlyingRobotsLinLiweiLab/ESP32_PMW/spiffs_data/tilt.json: 30 Hz, ramp 7.5 s (dwell 4.2 s), 33 s energised
   flash with:  pio run -e tilt -t uploadfs && pio run -e tilt -t upload
   NOTE flashing starts the run.
  flashed 30 Hz
[coils] board parked in the bootloader, app not running

=== 30 Hz x 10 ===
  ramp 8 s (dwell 4.2 s below pull-in), 33 s energised per repeat
  predicted heat 0.63 C/repeat, 6.3 C for the chunk, against 40 C of headroom now
    label=FREQ_030HZ
    label=SETTLE_030HZ
    label=HOLD_030HZ
    label=KILL_030HZ
    label=DOWN_030HZ
    label=TILT_OFF

-- 30 Hz repeat 1/10 (model says ~30 C) --
[coils] THERMAL GATE BYPASSED at the operator's instruction: ~30C now, this run adds ~16C, ceiling is 70C. Watch the coils.
filming -> /Users/meli/Desktop/Kevin/UCB/FlyingRobotsLinLiweiLab/ESP32_PMW/results/flights/2026-09-14_094810
log      -> /Users/meli/Desktop/Kevin/UCB/FlyingRobotsLinLiweiLab/ESP32_PMW/results/tilt_sweep/20260914_094810_droneC/sweep.log
  label=SETTLE_030HZ
  label=HOLD_030HZ
  label=KILL_030HZ
  label=DOWN_030HZ
  label=TILT_OFF
[coils] 47s energised this session -> ~54C estimated
  9987 frame(s) -> /Users/meli/Desktop/Kevin/UCB/FlyingRobotsLinLiweiLab/ESP32_PMW/results/flights/2026-09-14_094810
[coils] board parked in the bootloader, app not running
schedule finished
  outcome=ok  measured heat 0.65 C from 66 telemetry samples
  cooling 20 s before repeat 2

-- 30 Hz repeat 2/10 (model says ~31 C) --
[coils] THERMAL GATE BYPASSED at the operator's instruction: ~31C now, this run adds ~16C, ceiling is 70C. Watch the coils.
filming -> /Users/meli/Desktop/Kevin/UCB/FlyingRobotsLinLiweiLab/ESP32_PMW/results/flights/2026-09-14_094924
log      -> /Users/meli/Desktop/Kevin/UCB/FlyingRobotsLinLiweiLab/ESP32_PMW/results/tilt_sweep/20260914_094924_droneC/sweep.log
  label=SETTLE_030HZ
  label=HOLD_030HZ
  label=KILL_030HZ
  label=DOWN_030HZ
  label=TILT_OFF
[coils] 47s energised this session -> ~55C estimated
  9982 frame(s) -> /Users/meli/Desktop/Kevin/UCB/FlyingRobotsLinLiweiLab/ESP32_PMW/results/flights/2026-09-14_094924
[coils] board parked in the bootloader, app not running
schedule finished
  outcome=ok  measured heat 0.67 C from 66 telemetry samples
  cooling 20 s before repeat 3

-- 30 Hz repeat 3/10 (model says ~33 C) --
[coils] THERMAL GATE BYPASSED at the operator's instruction: ~33C now, this run adds ~16C, ceiling is 70C. Watch the coils.
filming -> /Users/meli/Desktop/Kevin/UCB/FlyingRobotsLinLiweiLab/ESP32_PMW/results/flights/2026-09-14_095038
log      -> /Users/meli/Desktop/Kevin/UCB/FlyingRobotsLinLiweiLab/ESP32_PMW/results/tilt_sweep/20260914_095038_droneC/sweep.log
  label=SETTLE_030HZ
  label=HOLD_030HZ
  label=KILL_030HZ
  label=DOWN_030HZ
  label=TILT_OFF
[coils] 47s energised this session -> ~56C estimated
  9986 frame(s) -> /Users/meli/Desktop/Kevin/UCB/FlyingRobotsLinLiweiLab/ESP32_PMW/results/flights/2026-09-14_095038
[coils] board parked in the bootloader, app not running
schedule finished
  outcome=ok  measured heat 0.61 C from 66 telemetry samples
  cooling 20 s before repeat 4

-- 30 Hz repeat 4/10 (model says ~34 C) --
[coils] THERMAL GATE BYPASSED at the operator's instruction: ~34C now, this run adds ~16C, ceiling is 70C. Watch the coils.
filming -> /Users/meli/Desktop/Kevin/UCB/FlyingRobotsLinLiweiLab/ESP32_PMW/results/flights/2026-09-14_095152
log      -> /Users/meli/Desktop/Kevin/UCB/FlyingRobotsLinLiweiLab/ESP32_PMW/results/tilt_sweep/20260914_095152_droneC/sweep.log
  label=SETTLE_030HZ
  label=HOLD_030HZ
  label=KILL_030HZ
  label=DOWN_030HZ
  label=TILT_OFF
[coils] 47s energised this session -> ~57C estimated
  9652 frame(s) -> /Users/meli/Desktop/Kevin/UCB/FlyingRobotsLinLiweiLab/ESP32_PMW/results/flights/2026-09-14_095152
[coils] board parked in the bootloader, app not running
schedule finished
  outcome=ok  measured heat 0.64 C from 66 telemetry samples
  cooling 20 s before repeat 5

-- 30 Hz repeat 5/10 (model says ~35 C) --
[coils] THERMAL GATE BYPASSED at the operator's instruction: ~35C now, this run adds ~16C, ceiling is 70C. Watch the coils.
filming -> /Users/meli/Desktop/Kevin/UCB/FlyingRobotsLinLiweiLab/ESP32_PMW/results/flights/2026-09-14_095306
log      -> /Users/meli/Desktop/Kevin/UCB/FlyingRobotsLinLiweiLab/ESP32_PMW/results/tilt_sweep/20260914_095306_droneC/sweep.log
  label=SETTLE_030HZ
  label=HOLD_030HZ
  label=KILL_030HZ
  label=DOWN_030HZ
  label=TILT_OFF
[coils] 47s energised this session -> ~58C estimated
  9978 frame(s) -> /Users/meli/Desktop/Kevin/UCB/FlyingRobotsLinLiweiLab/ESP32_PMW/results/flights/2026-09-14_095306
[coils] board parked in the bootloader, app not running
schedule finished
  outcome=ok  measured heat 0.56 C from 66 telemetry samples
  cooling 20 s before repeat 6

-- 30 Hz repeat 6/10 (model says ~36 C) --
[coils] THERMAL GATE BYPASSED at the operator's instruction: ~36C now, this run adds ~16C, ceiling is 70C. Watch the coils.
filming -> /Users/meli/Desktop/Kevin/UCB/FlyingRobotsLinLiweiLab/ESP32_PMW/results/flights/2026-09-14_095421
log      -> /Users/meli/Desktop/Kevin/UCB/FlyingRobotsLinLiweiLab/ESP32_PMW/results/tilt_sweep/20260914_095421_droneC/sweep.log
  label=SETTLE_030HZ
  label=HOLD_030HZ
  label=KILL_030HZ
  label=DOWN_030HZ
  label=TILT_OFF
[coils] 47s energised this session -> ~59C estimated
  9979 frame(s) -> /Users/meli/Desktop/Kevin/UCB/FlyingRobotsLinLiweiLab/ESP32_PMW/results/flights/2026-09-14_095421
[coils] board parked in the bootloader, app not running
schedule finished
  outcome=ok  measured heat 0.61 C from 66 telemetry samples
  cooling 20 s before repeat 7

-- 30 Hz repeat 7/10 (model says ~37 C) --
[coils] THERMAL GATE BYPASSED at the operator's instruction: ~37C now, this run adds ~16C, ceiling is 70C. Watch the coils.
filming -> /Users/meli/Desktop/Kevin/UCB/FlyingRobotsLinLiweiLab/ESP32_PMW/results/flights/2026-09-14_095535
log      -> /Users/meli/Desktop/Kevin/UCB/FlyingRobotsLinLiweiLab/ESP32_PMW/results/tilt_sweep/20260914_095535_droneC/sweep.log
  label=SETTLE_030HZ
  label=HOLD_030HZ
  label=KILL_030HZ
  label=DOWN_030HZ
  label=TILT_OFF
[coils] 47s energised this session -> ~60C estimated
  9983 frame(s) -> /Users/meli/Desktop/Kevin/UCB/FlyingRobotsLinLiweiLab/ESP32_PMW/results/flights/2026-09-14_095535
[coils] board parked in the bootloader, app not running
schedule finished
  outcome=ok  measured heat 0.58 C from 66 telemetry samples
  cooling 20 s before repeat 8

-- 30 Hz repeat 8/10 (model says ~38 C) --
[coils] THERMAL GATE BYPASSED at the operator's instruction: ~38C now, this run adds ~16C, ceiling is 70C. Watch the coils.
filming -> /Users/meli/Desktop/Kevin/UCB/FlyingRobotsLinLiweiLab/ESP32_PMW/results/flights/2026-09-14_095649
log      -> /Users/meli/Desktop/Kevin/UCB/FlyingRobotsLinLiweiLab/ESP32_PMW/results/tilt_sweep/20260914_095649_droneC/sweep.log
  label=SETTLE_030HZ
  label=HOLD_030HZ
  label=KILL_030HZ
  label=DOWN_030HZ
  label=TILT_OFF
[coils] 47s energised this session -> ~61C estimated
  9988 frame(s) -> /Users/meli/Desktop/Kevin/UCB/FlyingRobotsLinLiweiLab/ESP32_PMW/results/flights/2026-09-14_095649
[coils] board parked in the bootloader, app not running
schedule finished
  outcome=ok  measured heat 0.62 C from 66 telemetry samples
  cooling 20 s before repeat 9

-- 30 Hz repeat 9/10 (model says ~39 C) --
[coils] THERMAL GATE BYPASSED at the operator's instruction: ~39C now, this run adds ~16C, ceiling is 70C. Watch the coils.
filming -> /Users/meli/Desktop/Kevin/UCB/FlyingRobotsLinLiweiLab/ESP32_PMW/results/flights/2026-09-14_095803
log      -> /Users/meli/Desktop/Kevin/UCB/FlyingRobotsLinLiweiLab/ESP32_PMW/results/tilt_sweep/20260914_095803_droneC/sweep.log
  label=SETTLE_030HZ
  label=HOLD_030HZ
  label=KILL_030HZ
  label=DOWN_030HZ
  label=TILT_OFF
[coils] 47s energised this session -> ~62C estimated
  9985 frame(s) -> /Users/meli/Desktop/Kevin/UCB/FlyingRobotsLinLiweiLab/ESP32_PMW/results/flights/2026-09-14_095803
[coils] board parked in the bootloader, app not running
schedule finished
  outcome=ok  measured heat 0.64 C from 66 telemetry samples
  cooling 20 s before repeat 10

-- 30 Hz repeat 10/10 (model says ~40 C) --
[coils] THERMAL GATE BYPASSED at the operator's instruction: ~40C now, this run adds ~16C, ceiling is 70C. Watch the coils.
filming -> /Users/meli/Desktop/Kevin/UCB/FlyingRobotsLinLiweiLab/ESP32_PMW/results/flights/2026-09-14_095917
log      -> /Users/meli/Desktop/Kevin/UCB/FlyingRobotsLinLiweiLab/ESP32_PMW/results/tilt_sweep/20260914_095917_droneC/sweep.log
  label=SETTLE_030HZ
  label=HOLD_030HZ
  label=KILL_030HZ
  label=DOWN_030HZ
  label=TILT_OFF
[coils] 47s energised this session -> ~63C estimated
  9987 frame(s) -> /Users/meli/Desktop/Kevin/UCB/FlyingRobotsLinLiweiLab/ESP32_PMW/results/flights/2026-09-14_095917
[coils] board parked in the bootloader, app not running
schedule finished
  outcome=ok  measured heat 0.59 C from 66 telemetry samples

30 Hz: 10/10 good, 6.2 C added -> results/alignment_rate/20260914_droneC_10hzs/030hz

  cooling 20 s before the first 40 Hz take (model ~41 C)
/Users/meli/Desktop/Kevin/UCB/FlyingRobotsLinLiweiLab/ESP32_PMW/spiffs_data/tilt.json: 40 Hz, ramp 8.5 s (dwell 4.2 s), 34 s energised
   flash with:  pio run -e tilt -t uploadfs && pio run -e tilt -t upload
   NOTE flashing starts the run.
  flashed 40 Hz
[coils] board parked in the bootloader, app not running

=== 40 Hz x 10 ===
  ramp 8 s (dwell 4.2 s below pull-in), 34 s energised per repeat
  predicted heat 1.11 C/repeat, 11.1 C for the chunk, against 29 C of headroom now
    label=FREQ_040HZ
    label=SETTLE_040HZ
    label=HOLD_040HZ
    label=KILL_040HZ
    label=DOWN_040HZ
    label=TILT_OFF

-- 40 Hz repeat 1/10 (model says ~41 C) --
[coils] THERMAL GATE BYPASSED at the operator's instruction: ~41C now, this run adds ~17C, ceiling is 70C. Watch the coils.
filming -> /Users/meli/Desktop/Kevin/UCB/FlyingRobotsLinLiweiLab/ESP32_PMW/results/flights/2026-09-14_100043
log      -> /Users/meli/Desktop/Kevin/UCB/FlyingRobotsLinLiweiLab/ESP32_PMW/results/tilt_sweep/20260914_100043_droneC/sweep.log
  label=SETTLE_040HZ
  label=HOLD_040HZ
  label=KILL_040HZ
  label=DOWN_040HZ
  label=TILT_OFF
[coils] 48s energised this session -> ~64C estimated
  10192 frame(s) -> /Users/meli/Desktop/Kevin/UCB/FlyingRobotsLinLiweiLab/ESP32_PMW/results/flights/2026-09-14_100043
[coils] board parked in the bootloader, app not running
schedule finished
  outcome=ok  measured heat 1.13 C from 68 telemetry samples
  cooling 20 s before repeat 2

-- 40 Hz repeat 2/10 (model says ~43 C) --
[coils] THERMAL GATE BYPASSED at the operator's instruction: ~43C now, this run adds ~17C, ceiling is 70C. Watch the coils.
filming -> /Users/meli/Desktop/Kevin/UCB/FlyingRobotsLinLiweiLab/ESP32_PMW/results/flights/2026-09-14_100158
log      -> /Users/meli/Desktop/Kevin/UCB/FlyingRobotsLinLiweiLab/ESP32_PMW/results/tilt_sweep/20260914_100158_droneC/sweep.log
  label=SETTLE_040HZ
  label=HOLD_040HZ
  label=KILL_040HZ
  label=DOWN_040HZ
  label=TILT_OFF
[coils] 48s energised this session -> ~66C estimated
  10197 frame(s) -> /Users/meli/Desktop/Kevin/UCB/FlyingRobotsLinLiweiLab/ESP32_PMW/results/flights/2026-09-14_100158
[coils] board parked in the bootloader, app not running
schedule finished
  outcome=ok  measured heat 1.09 C from 68 telemetry samples
  cooling 20 s before repeat 3

-- 40 Hz repeat 3/10 (model says ~44 C) --
[coils] THERMAL GATE BYPASSED at the operator's instruction: ~44C now, this run adds ~17C, ceiling is 70C. Watch the coils.
filming -> /Users/meli/Desktop/Kevin/UCB/FlyingRobotsLinLiweiLab/ESP32_PMW/results/flights/2026-09-14_100313
log      -> /Users/meli/Desktop/Kevin/UCB/FlyingRobotsLinLiweiLab/ESP32_PMW/results/tilt_sweep/20260914_100313_droneC/sweep.log
  label=SETTLE_040HZ
  label=HOLD_040HZ
  label=KILL_040HZ
  label=DOWN_040HZ
  label=TILT_OFF
[coils] 48s energised this session -> ~68C estimated
  10193 frame(s) -> /Users/meli/Desktop/Kevin/UCB/FlyingRobotsLinLiweiLab/ESP32_PMW/results/flights/2026-09-14_100313
[coils] board parked in the bootloader, app not running
schedule finished
  outcome=ok  measured heat 1.13 C from 68 telemetry samples
  cooling 20 s before repeat 4

-- 40 Hz repeat 4/10 (model says ~46 C) --
[coils] THERMAL GATE BYPASSED at the operator's instruction: ~46C now, this run adds ~17C, ceiling is 70C. Watch the coils.
filming -> /Users/meli/Desktop/Kevin/UCB/FlyingRobotsLinLiweiLab/ESP32_PMW/results/flights/2026-09-14_100428
log      -> /Users/meli/Desktop/Kevin/UCB/FlyingRobotsLinLiweiLab/ESP32_PMW/results/tilt_sweep/20260914_100428_droneC/sweep.log
  label=SETTLE_040HZ
  label=HOLD_040HZ
  label=KILL_040HZ
  label=DOWN_040HZ
  label=TILT_OFF
[coils] 48s energised this session -> ~70C estimated
  10195 frame(s) -> /Users/meli/Desktop/Kevin/UCB/FlyingRobotsLinLiweiLab/ESP32_PMW/results/flights/2026-09-14_100428
[coils] board parked in the bootloader, app not running
schedule finished
  outcome=ok  measured heat 1.38 C from 68 telemetry samples
  cooling 20 s before repeat 5

-- 40 Hz repeat 5/10 (model says ~49 C) --
[coils] THERMAL GATE BYPASSED at the operator's instruction: ~49C now, this run adds ~17C, ceiling is 70C. Watch the coils.
filming -> /Users/meli/Desktop/Kevin/UCB/FlyingRobotsLinLiweiLab/ESP32_PMW/results/flights/2026-09-14_100544
log      -> /Users/meli/Desktop/Kevin/UCB/FlyingRobotsLinLiweiLab/ESP32_PMW/results/tilt_sweep/20260914_100544_droneC/sweep.log
  label=SETTLE_040HZ
  label=HOLD_040HZ
  label=KILL_040HZ
  label=DOWN_040HZ
  label=TILT_OFF
[coils] 48s energised this session -> ~72C estimated
  10198 frame(s) -> /Users/meli/Desktop/Kevin/UCB/FlyingRobotsLinLiweiLab/ESP32_PMW/results/flights/2026-09-14_100544
[coils] board parked in the bootloader, app not running
schedule finished
  outcome=ok  measured heat 1.22 C from 68 telemetry samples
  cooling 20 s before repeat 6

-- 40 Hz repeat 6/10 (model says ~51 C) --
[coils] THERMAL GATE BYPASSED at the operator's instruction: ~51C now, this run adds ~17C, ceiling is 70C. Watch the coils.
filming -> /Users/meli/Desktop/Kevin/UCB/FlyingRobotsLinLiweiLab/ESP32_PMW/results/flights/2026-09-14_100659
log      -> /Users/meli/Desktop/Kevin/UCB/FlyingRobotsLinLiweiLab/ESP32_PMW/results/tilt_sweep/20260914_100659_droneC/sweep.log
  label=SETTLE_040HZ
  label=HOLD_040HZ
  label=KILL_040HZ
  label=DOWN_040HZ
  label=TILT_OFF
[coils] 48s energised this session -> ~74C estimated
  10199 frame(s) -> /Users/meli/Desktop/Kevin/UCB/FlyingRobotsLinLiweiLab/ESP32_PMW/results/flights/2026-09-14_100659
[coils] board parked in the bootloader, app not running
schedule finished
  outcome=ok  measured heat 1.35 C from 68 telemetry samples
  cooling 20 s before repeat 7

-- 40 Hz repeat 7/10 (model says ~53 C) --
[coils] THERMAL GATE BYPASSED at the operator's instruction: ~53C now, this run adds ~17C, ceiling is 70C. Watch the coils.
filming -> /Users/meli/Desktop/Kevin/UCB/FlyingRobotsLinLiweiLab/ESP32_PMW/results/flights/2026-09-14_100815
log      -> /Users/meli/Desktop/Kevin/UCB/FlyingRobotsLinLiweiLab/ESP32_PMW/results/tilt_sweep/20260914_100815_droneC/sweep.log
  label=SETTLE_040HZ
  label=HOLD_040HZ
  label=KILL_040HZ
  label=DOWN_040HZ
  label=TILT_OFF
[coils] 48s energised this session -> ~76C estimated
  10193 frame(s) -> /Users/meli/Desktop/Kevin/UCB/FlyingRobotsLinLiweiLab/ESP32_PMW/results/flights/2026-09-14_100815
[coils] board parked in the bootloader, app not running
schedule finished
  outcome=ok  measured heat 1.23 C from 68 telemetry samples
  cooling 20 s before repeat 8

-- 40 Hz repeat 8/10 (model says ~55 C) --
[coils] THERMAL GATE BYPASSED at the operator's instruction: ~55C now, this run adds ~17C, ceiling is 70C. Watch the coils.
filming -> /Users/meli/Desktop/Kevin/UCB/FlyingRobotsLinLiweiLab/ESP32_PMW/results/flights/2026-09-14_100930
log      -> /Users/meli/Desktop/Kevin/UCB/FlyingRobotsLinLiweiLab/ESP32_PMW/results/tilt_sweep/20260914_100930_droneC/sweep.log
  label=SETTLE_040HZ
  label=HOLD_040HZ
  label=KILL_040HZ
  label=DOWN_040HZ
  label=TILT_OFF
[coils] 48s energised this session -> ~78C estimated
  10200 frame(s) -> /Users/meli/Desktop/Kevin/UCB/FlyingRobotsLinLiweiLab/ESP32_PMW/results/flights/2026-09-14_100930
[coils] board parked in the bootloader, app not running
schedule finished
  outcome=ok  measured heat 1.21 C from 68 telemetry samples
  cooling 20 s before repeat 9

-- 40 Hz repeat 9/10 (model says ~57 C) --
[coils] THERMAL GATE BYPASSED at the operator's instruction: ~57C now, this run adds ~17C, ceiling is 70C. Watch the coils.
filming -> /Users/meli/Desktop/Kevin/UCB/FlyingRobotsLinLiweiLab/ESP32_PMW/results/flights/2026-09-14_101046
log      -> /Users/meli/Desktop/Kevin/UCB/FlyingRobotsLinLiweiLab/ESP32_PMW/results/tilt_sweep/20260914_101046_droneC/sweep.log
  label=SETTLE_040HZ
  label=HOLD_040HZ
  label=KILL_040HZ
  label=DOWN_040HZ
  label=TILT_OFF
[coils] 48s energised this session -> ~80C estimated
  10200 frame(s) -> /Users/meli/Desktop/Kevin/UCB/FlyingRobotsLinLiweiLab/ESP32_PMW/results/flights/2026-09-14_101046
[coils] board parked in the bootloader, app not running
schedule finished
  outcome=ok  measured heat 1.16 C from 68 telemetry samples
  cooling 20 s before repeat 10

-- 40 Hz repeat 10/10 (model says ~59 C) --
[coils] THERMAL GATE BYPASSED at the operator's instruction: ~59C now, this run adds ~17C, ceiling is 70C. Watch the coils.
filming -> /Users/meli/Desktop/Kevin/UCB/FlyingRobotsLinLiweiLab/ESP32_PMW/results/flights/2026-09-14_101201
log      -> /Users/meli/Desktop/Kevin/UCB/FlyingRobotsLinLiweiLab/ESP32_PMW/results/tilt_sweep/20260914_101201_droneC/sweep.log
  label=SETTLE_040HZ
  label=HOLD_040HZ
  label=KILL_040HZ
  label=DOWN_040HZ
  label=TILT_OFF
[coils] 48s energised this session -> ~82C estimated
  10195 frame(s) -> /Users/meli/Desktop/Kevin/UCB/FlyingRobotsLinLiweiLab/ESP32_PMW/results/flights/2026-09-14_101201
[coils] board parked in the bootloader, app not running
schedule finished
  outcome=ok  measured heat 1.12 C from 68 telemetry samples

40 Hz: 10/10 good, 12.0 C added -> results/alignment_rate/20260914_droneC_10hzs/040hz

  cooling 20 s before the first 50 Hz take (model ~61 C)
/Users/meli/Desktop/Kevin/UCB/FlyingRobotsLinLiweiLab/ESP32_PMW/spiffs_data/tilt.json: 50 Hz, ramp 9.5 s (dwell 4.2 s), 35 s energised
   flash with:  pio run -e tilt -t uploadfs && pio run -e tilt -t upload
   NOTE flashing starts the run.
  flashed 50 Hz
[coils] board parked in the bootloader, app not running

=== 50 Hz x 10 ===
  ramp 10 s (dwell 4.2 s below pull-in), 35 s energised per repeat
  predicted heat 1.70 C/repeat, 17.0 C for the chunk, against 10 C of headroom now
    label=FREQ_050HZ
    label=SETTLE_050HZ
    label=HOLD_050HZ
    label=KILL_050HZ
    label=DOWN_050HZ
    label=TILT_OFF
  50 Hz SKIPPED:   50 Hz x 10 is predicted at 17.0 C against 9.7 C of headroom.
  REFUSED. Cool the coils, drop to 5 repeats, or pass --force-hot if you are watching them.

  cooling 20 s before the first 60 Hz take (model ~60 C)
/Users/meli/Desktop/Kevin/UCB/FlyingRobotsLinLiweiLab/ESP32_PMW/spiffs_data/tilt.json: 60 Hz, ramp 10.5 s (dwell 4.2 s), 31 s energised
   flash with:  pio run -e tilt -t uploadfs && pio run -e tilt -t upload
   NOTE flashing starts the run.
  flashed 60 Hz
[coils] board parked in the bootloader, app not running

=== 60 Hz x 10 ===
  ramp 10 s (dwell 4.2 s below pull-in), 31 s energised per repeat
  predicted heat 1.84 C/repeat, 18.4 C for the chunk, against 10 C of headroom now
    label=FREQ_060HZ
    label=SETTLE_060HZ
    label=HOLD_060HZ
    label=KILL_060HZ
    label=DOWN_060HZ
    label=TILT_OFF
  60 Hz SKIPPED:   60 Hz x 10 is predicted at 18.4 C against 10.5 C of headroom.
  REFUSED. Cool the coils, drop to 5 repeats, or pass --force-hot if you are watching them.

  cooling 20 s before the first 70 Hz take (model ~60 C)
/Users/meli/Desktop/Kevin/UCB/FlyingRobotsLinLiweiLab/ESP32_PMW/spiffs_data/tilt.json: 70 Hz, ramp 11.5 s (dwell 4.2 s), 32 s energised
   flash with:  pio run -e tilt -t uploadfs && pio run -e tilt -t upload
   NOTE flashing starts the run.
  flashed 70 Hz
[coils] board parked in the bootloader, app not running

=== 70 Hz x 10 ===
  ramp 12 s (dwell 4.2 s below pull-in), 32 s energised per repeat
  predicted heat 3.07 C/repeat, 30.7 C for the chunk, against 11 C of headroom now
    label=FREQ_070HZ
    label=SETTLE_070HZ
    label=HOLD_070HZ
    label=KILL_070HZ
    label=DOWN_070HZ
    label=TILT_OFF
  70 Hz SKIPPED:   70 Hz x 10 is predicted at 30.7 C against 11.2 C of headroom.
  REFUSED. Cool the coils, drop to 3 repeats, or pass --force-hot if you are watching them.

  cooling 20 s before the first 80 Hz take (model ~59 C)
/Users/meli/Desktop/Kevin/UCB/FlyingRobotsLinLiweiLab/ESP32_PMW/spiffs_data/tilt.json: 80 Hz, ramp 12.5 s (dwell 4.2 s), 33 s energised
   flash with:  pio run -e tilt -t uploadfs && pio run -e tilt -t upload
   NOTE flashing starts the run.
  flashed 80 Hz
[coils] board parked in the bootloader, app not running

=== 80 Hz x 10 ===
  ramp 12 s (dwell 4.2 s below pull-in), 33 s energised per repeat
  predicted heat 4.66 C/repeat, 46.6 C for the chunk, against 12 C of headroom now
    label=FREQ_080HZ
    label=SETTLE_080HZ
    label=HOLD_080HZ
    label=KILL_080HZ
    label=DOWN_080HZ
    label=TILT_OFF
  80 Hz SKIPPED:   80 Hz x 10 is predicted at 46.6 C against 12.0 C of headroom.
  REFUSED. Cool the coils, drop to 2 repeats, or pass --force-hot if you are watching them.

  cooling 37 s before the first 90 Hz take (model ~58 C)
/Users/meli/Desktop/Kevin/UCB/FlyingRobotsLinLiweiLab/ESP32_PMW/spiffs_data/tilt.json: 90 Hz, ramp 13.5 s (dwell 4.2 s), 34 s energised
   flash with:  pio run -e tilt -t uploadfs && pio run -e tilt -t upload
   NOTE flashing starts the run.
  flashed 90 Hz
[coils] board parked in the bootloader, app not running

=== 90 Hz x 5 ===
  ramp 14 s (dwell 4.2 s below pull-in), 34 s energised per repeat
  predicted heat 6.43 C/repeat, 32.2 C for the chunk, against 13 C of headroom now
    label=FREQ_090HZ
    label=SETTLE_090HZ
    label=HOLD_090HZ
    label=KILL_090HZ
    label=DOWN_090HZ
    label=TILT_OFF
  90 Hz SKIPPED:   90 Hz x 5 is predicted at 32.2 C against 13.1 C of headroom.
  REFUSED. Cool the coils, drop to 2 repeats, or pass --force-hot if you are watching them.

  cooling 179 s before the first 100 Hz take (model ~57 C)
  before flashing 100 Hz: waiting 179 s. MEASURE THE COILS -- write it (or 'go') to /Users/meli/Desktop/Kevin/UCB/FlyingRobotsLinLiweiLab/ESP32_PMW/ai/thermal/operator_reading. Ctrl-C abandons.
    179 s left
    119 s left
    59 s left
    wait complete
/Users/meli/Desktop/Kevin/UCB/FlyingRobotsLinLiweiLab/ESP32_PMW/spiffs_data/tilt.json: 100 Hz, ramp 14.5 s (dwell 4.2 s), 35 s energised
   flash with:  pio run -e tilt -t uploadfs && pio run -e tilt -t upload
   NOTE flashing starts the run.
  flashed 100 Hz
[coils] board parked in the bootloader, app not running

=== 100 Hz x 5 ===
  ramp 14 s (dwell 4.2 s below pull-in), 35 s energised per repeat
  predicted heat 8.53 C/repeat, 42.7 C for the chunk, against 17 C of headroom now
    label=FREQ_100HZ
    label=SETTLE_100HZ
    label=HOLD_100HZ
    label=KILL_100HZ
    label=DOWN_100HZ
    label=TILT_OFF
  100 Hz SKIPPED:   100 Hz x 5 is predicted at 42.7 C against 17.3 C of headroom.
  REFUSED. Cool the coils, drop to 2 repeats, or pass --force-hot if you are watching them.

  cooling 20 s before the first 110 Hz take (model ~53 C)
/Users/meli/Desktop/Kevin/UCB/FlyingRobotsLinLiweiLab/ESP32_PMW/spiffs_data/tilt.json: 110 Hz, ramp 15.5 s (dwell 4.2 s), 36 s energised
   flash with:  pio run -e tilt -t uploadfs && pio run -e tilt -t upload
   NOTE flashing starts the run.
  flashed 110 Hz
[coils] board parked in the bootloader, app not running

=== 110 Hz x 5 ===
  ramp 16 s (dwell 4.2 s below pull-in), 36 s energised per repeat
  predicted heat 8.72 C/repeat, 43.6 C for the chunk, against 18 C of headroom now
    label=FREQ_110HZ
    label=SETTLE_110HZ
    label=HOLD_110HZ
    label=KILL_110HZ
    label=DOWN_110HZ
    label=TILT_OFF
  110 Hz SKIPPED:   110 Hz x 5 is predicted at 43.6 C against 18.0 C of headroom.
  REFUSED. Cool the coils, drop to 2 repeats, or pass --force-hot if you are watching them.

  cooling 20 s before the first 120 Hz take (model ~52 C)
/Users/meli/Desktop/Kevin/UCB/FlyingRobotsLinLiweiLab/ESP32_PMW/spiffs_data/tilt.json: 120 Hz, ramp 16.5 s (dwell 4.2 s), 37 s energised
   flash with:  pio run -e tilt -t uploadfs && pio run -e tilt -t upload
   NOTE flashing starts the run.
  flashed 120 Hz
[coils] board parked in the bootloader, app not running

=== 120 Hz x 5 ===
  ramp 16 s (dwell 4.2 s below pull-in), 37 s energised per repeat
  predicted heat 8.91 C/repeat, 44.5 C for the chunk, against 19 C of headroom now
    label=FREQ_120HZ
    label=SETTLE_120HZ
    label=HOLD_120HZ
    label=KILL_120HZ
    label=DOWN_120HZ
    label=TILT_OFF
  120 Hz SKIPPED:   120 Hz x 5 is predicted at 44.5 C against 18.6 C of headroom.
  REFUSED. Cool the coils, drop to 2 repeats, or pass --force-hot if you are watching them.

sweep done: 40/40 good takes, 22.4 C measured -> results/alignment_rate/20260914_droneC_10hzs
  STILL SHORT: {50.0: 10, 60.0: 10, 70.0: 10, 80.0: 10, 90.0: 5, 100.0: 5, 110.0: 5, 120.0: 5}. Re-run the same command to record them.
sweep: [(10.0, 10), (20.0, 10), (30.0, 10), (40.0, 10), (50.0, 10), (60.0, 10), (70.0, 10), (80.0, 10), (90.0, 5), (100.0, 5), (110.0, 5), (120.0, 5)] -> results/alignment_rate/20260914_droneC_10hzs
  40 good takes already on disk, 60 to record
  disk: 15671 MB free on /Users/meli/Desktop/Kevin/UCB/FlyingRobotsLinLiweiLab/ESP32_PMW/results/flights, 60 takes need ~1950 MB

=== 10 Hz: 10/10 good takes already -- done ===

=== 20 Hz: 10/10 good takes already -- done ===

=== 30 Hz: 10/10 good takes already -- done ===

=== 40 Hz: 10/10 good takes already -- done ===

  cooling 20 s before the first 50 Hz take (model ~24 C)
/Users/meli/Desktop/Kevin/UCB/FlyingRobotsLinLiweiLab/ESP32_PMW/spiffs_data/tilt.json: 50 Hz, ramp 9.5 s (dwell 4.2 s), 35 s energised
   flash with:  pio run -e tilt -t uploadfs && pio run -e tilt -t upload
   NOTE flashing starts the run.
  flashed 50 Hz
[coils] board parked in the bootloader, app not running

=== 50 Hz x 10 ===
  ramp 10 s (dwell 4.2 s below pull-in), 35 s energised per repeat
  predicted heat 1.70 C/repeat, 17.0 C for the chunk, against 46 C of headroom now
    label=FREQ_050HZ
    label=SETTLE_050HZ
    label=HOLD_050HZ
    label=KILL_050HZ
    label=DOWN_050HZ
    label=TILT_OFF

-- 50 Hz repeat 1/10 (model says ~24 C) --
[coils] THERMAL GATE BYPASSED at the operator's instruction: ~24C now, this run adds ~17C, ceiling is 70C. Watch the coils.
filming -> /Users/meli/Desktop/Kevin/UCB/FlyingRobotsLinLiweiLab/ESP32_PMW/results/flights/2026-09-14_112601
log      -> /Users/meli/Desktop/Kevin/UCB/FlyingRobotsLinLiweiLab/ESP32_PMW/results/tilt_sweep/20260914_112601_droneC/sweep.log
  label=SETTLE_050HZ
  label=HOLD_050HZ
  label=KILL_050HZ
  label=DOWN_050HZ
  label=TILT_OFF
[coils] 49s energised this session -> ~49C estimated
  10386 frame(s) -> /Users/meli/Desktop/Kevin/UCB/FlyingRobotsLinLiweiLab/ESP32_PMW/results/flights/2026-09-14_112601
[coils] board parked in the bootloader, app not running
schedule finished
  outcome=ok  measured heat 1.85 C from 70 telemetry samples
  cooling 20 s before repeat 2

-- 50 Hz repeat 2/10 (model says ~28 C) --
[coils] THERMAL GATE BYPASSED at the operator's instruction: ~28C now, this run adds ~17C, ceiling is 70C. Watch the coils.
filming -> /Users/meli/Desktop/Kevin/UCB/FlyingRobotsLinLiweiLab/ESP32_PMW/results/flights/2026-09-14_112718
log      -> /Users/meli/Desktop/Kevin/UCB/FlyingRobotsLinLiweiLab/ESP32_PMW/results/tilt_sweep/20260914_112718_droneC/sweep.log
  label=SETTLE_050HZ
  label=HOLD_050HZ
  label=KILL_050HZ
  label=DOWN_050HZ
  label=TILT_OFF
[coils] 49s energised this session -> ~52C estimated
  10398 frame(s) -> /Users/meli/Desktop/Kevin/UCB/FlyingRobotsLinLiweiLab/ESP32_PMW/results/flights/2026-09-14_112718
[coils] board parked in the bootloader, app not running
schedule finished
  outcome=ok  measured heat 1.80 C from 70 telemetry samples
  cooling 20 s before repeat 3

-- 50 Hz repeat 3/10 (model says ~31 C) --
[coils] THERMAL GATE BYPASSED at the operator's instruction: ~31C now, this run adds ~17C, ceiling is 70C. Watch the coils.
filming -> /Users/meli/Desktop/Kevin/UCB/FlyingRobotsLinLiweiLab/ESP32_PMW/results/flights/2026-09-14_112833
log      -> /Users/meli/Desktop/Kevin/UCB/FlyingRobotsLinLiweiLab/ESP32_PMW/results/tilt_sweep/20260914_112833_droneC/sweep.log
  label=SETTLE_050HZ
  label=HOLD_050HZ
  label=KILL_050HZ
  label=DOWN_050HZ
  label=TILT_OFF
[coils] 49s energised this session -> ~56C estimated
  10328 frame(s) -> /Users/meli/Desktop/Kevin/UCB/FlyingRobotsLinLiweiLab/ESP32_PMW/results/flights/2026-09-14_112833
[coils] board parked in the bootloader, app not running
schedule finished
  outcome=ok  measured heat 1.70 C from 70 telemetry samples
  cooling 20 s before repeat 4

-- 50 Hz repeat 4/10 (model says ~34 C) --
[coils] THERMAL GATE BYPASSED at the operator's instruction: ~34C now, this run adds ~17C, ceiling is 70C. Watch the coils.
filming -> /Users/meli/Desktop/Kevin/UCB/FlyingRobotsLinLiweiLab/ESP32_PMW/results/flights/2026-09-14_112949
log      -> /Users/meli/Desktop/Kevin/UCB/FlyingRobotsLinLiweiLab/ESP32_PMW/results/tilt_sweep/20260914_112949_droneC/sweep.log
  label=SETTLE_050HZ
  label=HOLD_050HZ
  label=KILL_050HZ
  label=DOWN_050HZ
  label=TILT_OFF
[coils] 49s energised this session -> ~59C estimated
  10327 frame(s) -> /Users/meli/Desktop/Kevin/UCB/FlyingRobotsLinLiweiLab/ESP32_PMW/results/flights/2026-09-14_112949
[coils] board parked in the bootloader, app not running
schedule finished
  outcome=ok  measured heat 1.73 C from 70 telemetry samples
  cooling 20 s before repeat 5

-- 50 Hz repeat 5/10 (model says ~38 C) --
[coils] THERMAL GATE BYPASSED at the operator's instruction: ~38C now, this run adds ~17C, ceiling is 70C. Watch the coils.
filming -> /Users/meli/Desktop/Kevin/UCB/FlyingRobotsLinLiweiLab/ESP32_PMW/results/flights/2026-09-14_113106
log      -> /Users/meli/Desktop/Kevin/UCB/FlyingRobotsLinLiweiLab/ESP32_PMW/results/tilt_sweep/20260914_113106_droneC/sweep.log
  label=SETTLE_050HZ
  label=HOLD_050HZ
  label=KILL_050HZ
  label=DOWN_050HZ
  label=TILT_OFF
[coils] 49s energised this session -> ~62C estimated
  10385 frame(s) -> /Users/meli/Desktop/Kevin/UCB/FlyingRobotsLinLiweiLab/ESP32_PMW/results/flights/2026-09-14_113106
[coils] board parked in the bootloader, app not running
schedule finished
  outcome=ok  measured heat 1.75 C from 70 telemetry samples
  cooling 20 s before repeat 6

-- 50 Hz repeat 6/10 (model says ~41 C) --
[coils] THERMAL GATE BYPASSED at the operator's instruction: ~41C now, this run adds ~17C, ceiling is 70C. Watch the coils.
filming -> /Users/meli/Desktop/Kevin/UCB/FlyingRobotsLinLiweiLab/ESP32_PMW/results/flights/2026-09-14_113222
log      -> /Users/meli/Desktop/Kevin/UCB/FlyingRobotsLinLiweiLab/ESP32_PMW/results/tilt_sweep/20260914_113222_droneC/sweep.log
  label=SETTLE_050HZ
  label=HOLD_050HZ
  label=KILL_050HZ
  label=DOWN_050HZ
  label=TILT_OFF
[coils] 49s energised this session -> ~65C estimated
  10349 frame(s) -> /Users/meli/Desktop/Kevin/UCB/FlyingRobotsLinLiweiLab/ESP32_PMW/results/flights/2026-09-14_113222
[coils] board parked in the bootloader, app not running
schedule finished
  outcome=ok  measured heat 1.79 C from 70 telemetry samples
  cooling 20 s before repeat 7

-- 50 Hz repeat 7/10 (model says ~44 C) --
[coils] THERMAL GATE BYPASSED at the operator's instruction: ~44C now, this run adds ~17C, ceiling is 70C. Watch the coils.
filming -> /Users/meli/Desktop/Kevin/UCB/FlyingRobotsLinLiweiLab/ESP32_PMW/results/flights/2026-09-14_113338
log      -> /Users/meli/Desktop/Kevin/UCB/FlyingRobotsLinLiweiLab/ESP32_PMW/results/tilt_sweep/20260914_113338_droneC/sweep.log
  label=SETTLE_050HZ
  label=HOLD_050HZ
  label=KILL_050HZ
  label=DOWN_050HZ
  label=TILT_OFF
[coils] 49s energised this session -> ~68C estimated
  10401 frame(s) -> /Users/meli/Desktop/Kevin/UCB/FlyingRobotsLinLiweiLab/ESP32_PMW/results/flights/2026-09-14_113338
[coils] board parked in the bootloader, app not running
schedule finished
  outcome=ok  measured heat 1.57 C from 70 telemetry samples
  cooling 20 s before repeat 8

-- 50 Hz repeat 8/10 (model says ~47 C) --
[coils] THERMAL GATE BYPASSED at the operator's instruction: ~47C now, this run adds ~17C, ceiling is 70C. Watch the coils.
filming -> /Users/meli/Desktop/Kevin/UCB/FlyingRobotsLinLiweiLab/ESP32_PMW/results/flights/2026-09-14_113454
log      -> /Users/meli/Desktop/Kevin/UCB/FlyingRobotsLinLiweiLab/ESP32_PMW/results/tilt_sweep/20260914_113454_droneC/sweep.log
  label=SETTLE_050HZ
  label=HOLD_050HZ
  label=KILL_050HZ
  label=DOWN_050HZ
  label=TILT_OFF
[coils] 49s energised this session -> ~71C estimated
  10398 frame(s) -> /Users/meli/Desktop/Kevin/UCB/FlyingRobotsLinLiweiLab/ESP32_PMW/results/flights/2026-09-14_113454
[coils] board parked in the bootloader, app not running
schedule finished
  outcome=ok  measured heat 1.66 C from 70 telemetry samples
  cooling 20 s before repeat 9

-- 50 Hz repeat 9/10 (model says ~50 C) --
[coils] THERMAL GATE BYPASSED at the operator's instruction: ~50C now, this run adds ~17C, ceiling is 70C. Watch the coils.
filming -> /Users/meli/Desktop/Kevin/UCB/FlyingRobotsLinLiweiLab/ESP32_PMW/results/flights/2026-09-14_113610
log      -> /Users/meli/Desktop/Kevin/UCB/FlyingRobotsLinLiweiLab/ESP32_PMW/results/tilt_sweep/20260914_113610_droneC/sweep.log
  label=SETTLE_050HZ
  label=HOLD_050HZ
  label=KILL_050HZ
  label=DOWN_050HZ
  label=TILT_OFF
[coils] 49s energised this session -> ~74C estimated
  10400 frame(s) -> /Users/meli/Desktop/Kevin/UCB/FlyingRobotsLinLiweiLab/ESP32_PMW/results/flights/2026-09-14_113610
[coils] board parked in the bootloader, app not running
schedule finished
  outcome=ok  measured heat 1.73 C from 70 telemetry samples
  cooling 20 s before repeat 10

-- 50 Hz repeat 10/10 (model says ~53 C) --
[coils] THERMAL GATE BYPASSED at the operator's instruction: ~53C now, this run adds ~17C, ceiling is 70C. Watch the coils.
filming -> /Users/meli/Desktop/Kevin/UCB/FlyingRobotsLinLiweiLab/ESP32_PMW/results/flights/2026-09-14_113726
log      -> /Users/meli/Desktop/Kevin/UCB/FlyingRobotsLinLiweiLab/ESP32_PMW/results/tilt_sweep/20260914_113726_droneC/sweep.log
  label=SETTLE_050HZ
  label=HOLD_050HZ
  label=KILL_050HZ
  label=DOWN_050HZ
  label=TILT_OFF
[coils] 49s energised this session -> ~77C estimated
  10400 frame(s) -> /Users/meli/Desktop/Kevin/UCB/FlyingRobotsLinLiweiLab/ESP32_PMW/results/flights/2026-09-14_113726
[coils] board parked in the bootloader, app not running
schedule finished
  outcome=ok  measured heat 1.74 C from 70 telemetry samples

50 Hz: 10/10 good, 17.3 C added -> results/alignment_rate/20260914_droneC_10hzs/050hz

  cooling 20 s before the first 60 Hz take (model ~56 C)
/Users/meli/Desktop/Kevin/UCB/FlyingRobotsLinLiweiLab/ESP32_PMW/spiffs_data/tilt.json: 60 Hz, ramp 10.5 s (dwell 4.2 s), 31 s energised
   flash with:  pio run -e tilt -t uploadfs && pio run -e tilt -t upload
   NOTE flashing starts the run.
  flashed 60 Hz
[coils] board parked in the bootloader, app not running

=== 60 Hz x 10 ===
  ramp 10 s (dwell 4.2 s below pull-in), 31 s energised per repeat
  predicted heat 1.84 C/repeat, 18.4 C for the chunk, against 14 C of headroom now
    label=FREQ_060HZ
    label=SETTLE_060HZ
    label=HOLD_060HZ
    label=KILL_060HZ
    label=DOWN_060HZ
    label=TILT_OFF
  60 Hz x 10 is predicted at 18.4 C against 14.2 C of headroom.  --force-hot: proceeding anyway. WATCH THE COILS.

-- 60 Hz repeat 1/10 (model says ~56 C) --
[coils] THERMAL GATE BYPASSED at the operator's instruction: ~56C now, this run adds ~15C, ceiling is 70C. Watch the coils.
filming -> /Users/meli/Desktop/Kevin/UCB/FlyingRobotsLinLiweiLab/ESP32_PMW/results/flights/2026-09-14_113854
log      -> /Users/meli/Desktop/Kevin/UCB/FlyingRobotsLinLiweiLab/ESP32_PMW/results/tilt_sweep/20260914_113854_droneC/sweep.log
  label=SETTLE_060HZ
  label=HOLD_060HZ
  label=KILL_060HZ
  label=DOWN_060HZ
  label=TILT_OFF
[coils] 45s energised this session -> ~77C estimated
  9516 frame(s) -> /Users/meli/Desktop/Kevin/UCB/FlyingRobotsLinLiweiLab/ESP32_PMW/results/flights/2026-09-14_113854
[coils] board parked in the bootloader, app not running
schedule finished
  outcome=ok  measured heat 1.71 C from 62 telemetry samples
  cooling 20 s before repeat 2

-- 60 Hz repeat 2/10 (model says ~59 C) --
[coils] THERMAL GATE BYPASSED at the operator's instruction: ~59C now, this run adds ~15C, ceiling is 70C. Watch the coils.
filming -> /Users/meli/Desktop/Kevin/UCB/FlyingRobotsLinLiweiLab/ESP32_PMW/results/flights/2026-09-14_114006
log      -> /Users/meli/Desktop/Kevin/UCB/FlyingRobotsLinLiweiLab/ESP32_PMW/results/tilt_sweep/20260914_114006_droneC/sweep.log
  label=SETTLE_060HZ
  label=HOLD_060HZ
  label=KILL_060HZ
  label=DOWN_060HZ
  label=TILT_OFF
[coils] 45s energised this session -> ~80C estimated
  9565 frame(s) -> /Users/meli/Desktop/Kevin/UCB/FlyingRobotsLinLiweiLab/ESP32_PMW/results/flights/2026-09-14_114006
[coils] board parked in the bootloader, app not running
schedule finished
  outcome=ok  measured heat 1.80 C from 62 telemetry samples
  cooling 20 s before repeat 3

-- 60 Hz repeat 3/10 (model says ~62 C) --
[coils] THERMAL GATE BYPASSED at the operator's instruction: ~62C now, this run adds ~15C, ceiling is 70C. Watch the coils.
filming -> /Users/meli/Desktop/Kevin/UCB/FlyingRobotsLinLiweiLab/ESP32_PMW/results/flights/2026-09-14_114118
log      -> /Users/meli/Desktop/Kevin/UCB/FlyingRobotsLinLiweiLab/ESP32_PMW/results/tilt_sweep/20260914_114118_droneC/sweep.log
  label=SETTLE_060HZ
  label=HOLD_060HZ
  label=KILL_060HZ
  label=DOWN_060HZ
  label=TILT_OFF
[coils] 45s energised this session -> ~83C estimated
  9564 frame(s) -> /Users/meli/Desktop/Kevin/UCB/FlyingRobotsLinLiweiLab/ESP32_PMW/results/flights/2026-09-14_114118
[coils] board parked in the bootloader, app not running
schedule finished
  outcome=ok  measured heat 1.71 C from 62 telemetry samples
  cooling 20 s before repeat 4

-- 60 Hz repeat 4/10 (model says ~65 C) --
[coils] THERMAL GATE BYPASSED at the operator's instruction: ~65C now, this run adds ~15C, ceiling is 70C. Watch the coils.
filming -> /Users/meli/Desktop/Kevin/UCB/FlyingRobotsLinLiweiLab/ESP32_PMW/results/flights/2026-09-14_114231
log      -> /Users/meli/Desktop/Kevin/UCB/FlyingRobotsLinLiweiLab/ESP32_PMW/results/tilt_sweep/20260914_114231_droneC/sweep.log
  label=SETTLE_060HZ
  label=HOLD_060HZ
  label=KILL_060HZ
  label=DOWN_060HZ
  label=TILT_OFF
[coils] 45s energised this session -> ~86C estimated
  9509 frame(s) -> /Users/meli/Desktop/Kevin/UCB/FlyingRobotsLinLiweiLab/ESP32_PMW/results/flights/2026-09-14_114231
[coils] board parked in the bootloader, app not running
schedule finished
  outcome=ok  measured heat 1.82 C from 62 telemetry samples
  cooling 66 s before repeat 5
  before 60 Hz repeat 5: waiting 66 s. MEASURE THE COILS -- write it (or 'go') to /Users/meli/Desktop/Kevin/UCB/FlyingRobotsLinLiweiLab/ESP32_PMW/ai/thermal/operator_reading. Ctrl-C abandons.
    66 s left
    6 s left
    wait complete

-- 60 Hz repeat 5/10 (model says ~66 C) --
[coils] THERMAL GATE BYPASSED at the operator's instruction: ~66C now, this run adds ~15C, ceiling is 70C. Watch the coils.
filming -> /Users/meli/Desktop/Kevin/UCB/FlyingRobotsLinLiweiLab/ESP32_PMW/results/flights/2026-09-14_114428
log      -> /Users/meli/Desktop/Kevin/UCB/FlyingRobotsLinLiweiLab/ESP32_PMW/results/tilt_sweep/20260914_114428_droneC/sweep.log
  label=SETTLE_060HZ
  label=HOLD_060HZ
  label=KILL_060HZ
  label=DOWN_060HZ
  label=TILT_OFF
[coils] 45s energised this session -> ~88C estimated
  9564 frame(s) -> /Users/meli/Desktop/Kevin/UCB/FlyingRobotsLinLiweiLab/ESP32_PMW/results/flights/2026-09-14_114428
[coils] board parked in the bootloader, app not running
schedule finished
  outcome=ok  measured heat 1.71 C from 62 telemetry samples
  cooling 110 s before repeat 6
  before 60 Hz repeat 6: waiting 110 s. MEASURE THE COILS -- write it (or 'go') to /Users/meli/Desktop/Kevin/UCB/FlyingRobotsLinLiweiLab/ESP32_PMW/ai/thermal/operator_reading. Ctrl-C abandons.
    110 s left
    50 s left
    wait complete

-- 60 Hz repeat 6/10 (model says ~66 C) --
[coils] THERMAL GATE BYPASSED at the operator's instruction: ~66C now, this run adds ~15C, ceiling is 70C. Watch the coils.
filming -> /Users/meli/Desktop/Kevin/UCB/FlyingRobotsLinLiweiLab/ESP32_PMW/results/flights/2026-09-14_114710
log      -> /Users/meli/Desktop/Kevin/UCB/FlyingRobotsLinLiweiLab/ESP32_PMW/results/tilt_sweep/20260914_114710_droneC/sweep.log
  label=SETTLE_060HZ
  label=HOLD_060HZ
  label=KILL_060HZ
  label=DOWN_060HZ
  label=TILT_OFF
[coils] 45s energised this session -> ~88C estimated
  9562 frame(s) -> /Users/meli/Desktop/Kevin/UCB/FlyingRobotsLinLiweiLab/ESP32_PMW/results/flights/2026-09-14_114710
[coils] board parked in the bootloader, app not running
schedule finished
  outcome=ok  measured heat 1.67 C from 62 telemetry samples
  cooling 110 s before repeat 7
  before 60 Hz repeat 7: waiting 110 s. MEASURE THE COILS -- write it (or 'go') to /Users/meli/Desktop/Kevin/UCB/FlyingRobotsLinLiweiLab/ESP32_PMW/ai/thermal/operator_reading. Ctrl-C abandons.
    110 s left
    50 s left
    wait complete

-- 60 Hz repeat 7/10 (model says ~66 C) --
[coils] THERMAL GATE BYPASSED at the operator's instruction: ~66C now, this run adds ~15C, ceiling is 70C. Watch the coils.
filming -> /Users/meli/Desktop/Kevin/UCB/FlyingRobotsLinLiweiLab/ESP32_PMW/results/flights/2026-09-14_114953
log      -> /Users/meli/Desktop/Kevin/UCB/FlyingRobotsLinLiweiLab/ESP32_PMW/results/tilt_sweep/20260914_114953_droneC/sweep.log
  label=SETTLE_060HZ
  label=HOLD_060HZ
  label=KILL_060HZ
  label=DOWN_060HZ
  label=TILT_OFF
[coils] 45s energised this session -> ~88C estimated
  9566 frame(s) -> /Users/meli/Desktop/Kevin/UCB/FlyingRobotsLinLiweiLab/ESP32_PMW/results/flights/2026-09-14_114953
[coils] board parked in the bootloader, app not running
schedule finished
  outcome=ok  measured heat 1.55 C from 62 telemetry samples
  cooling 101 s before repeat 8
  before 60 Hz repeat 8: waiting 101 s. MEASURE THE COILS -- write it (or 'go') to /Users/meli/Desktop/Kevin/UCB/FlyingRobotsLinLiweiLab/ESP32_PMW/ai/thermal/operator_reading. Ctrl-C abandons.
    101 s left
    41 s left
    wait complete

-- 60 Hz repeat 8/10 (model says ~66 C) --
[coils] THERMAL GATE BYPASSED at the operator's instruction: ~66C now, this run adds ~15C, ceiling is 70C. Watch the coils.
filming -> /Users/meli/Desktop/Kevin/UCB/FlyingRobotsLinLiweiLab/ESP32_PMW/results/flights/2026-09-14_115226
log      -> /Users/meli/Desktop/Kevin/UCB/FlyingRobotsLinLiweiLab/ESP32_PMW/results/tilt_sweep/20260914_115226_droneC/sweep.log
  label=SETTLE_060HZ
  label=HOLD_060HZ
  label=KILL_060HZ
  label=DOWN_060HZ
  label=TILT_OFF
[coils] 45s energised this session -> ~88C estimated
  9563 frame(s) -> /Users/meli/Desktop/Kevin/UCB/FlyingRobotsLinLiweiLab/ESP32_PMW/results/flights/2026-09-14_115226
[coils] board parked in the bootloader, app not running
schedule finished
  outcome=ok  measured heat 1.62 C from 62 telemetry samples
  cooling 107 s before repeat 9
  before 60 Hz repeat 9: waiting 107 s. MEASURE THE COILS -- write it (or 'go') to /Users/meli/Desktop/Kevin/UCB/FlyingRobotsLinLiweiLab/ESP32_PMW/ai/thermal/operator_reading. Ctrl-C abandons.
    107 s left
    47 s left
    wait complete

-- 60 Hz repeat 9/10 (model says ~66 C) --
[coils] THERMAL GATE BYPASSED at the operator's instruction: ~66C now, this run adds ~15C, ceiling is 70C. Watch the coils.
filming -> /Users/meli/Desktop/Kevin/UCB/FlyingRobotsLinLiweiLab/ESP32_PMW/results/flights/2026-09-14_115505
log      -> /Users/meli/Desktop/Kevin/UCB/FlyingRobotsLinLiweiLab/ESP32_PMW/results/tilt_sweep/20260914_115505_droneC/sweep.log
  label=SETTLE_060HZ
  label=HOLD_060HZ
  label=KILL_060HZ
  label=DOWN_060HZ
  label=TILT_OFF
[coils] 45s energised this session -> ~88C estimated
  9563 frame(s) -> /Users/meli/Desktop/Kevin/UCB/FlyingRobotsLinLiweiLab/ESP32_PMW/results/flights/2026-09-14_115505
[coils] board parked in the bootloader, app not running
schedule finished
  outcome=ok  measured heat 1.62 C from 62 telemetry samples
  cooling 104 s before repeat 10
  before 60 Hz repeat 10: waiting 104 s. MEASURE THE COILS -- write it (or 'go') to /Users/meli/Desktop/Kevin/UCB/FlyingRobotsLinLiweiLab/ESP32_PMW/ai/thermal/operator_reading. Ctrl-C abandons.
    104 s left
    44 s left
    wait complete

-- 60 Hz repeat 10/10 (model says ~66 C) --
[coils] THERMAL GATE BYPASSED at the operator's instruction: ~66C now, this run adds ~15C, ceiling is 70C. Watch the coils.
filming -> /Users/meli/Desktop/Kevin/UCB/FlyingRobotsLinLiweiLab/ESP32_PMW/results/flights/2026-09-14_115741
log      -> /Users/meli/Desktop/Kevin/UCB/FlyingRobotsLinLiweiLab/ESP32_PMW/results/tilt_sweep/20260914_115741_droneC/sweep.log
  label=SETTLE_060HZ
  label=HOLD_060HZ
  label=KILL_060HZ
  label=DOWN_060HZ
  label=TILT_OFF
[coils] 45s energised this session -> ~88C estimated
  9561 frame(s) -> /Users/meli/Desktop/Kevin/UCB/FlyingRobotsLinLiweiLab/ESP32_PMW/results/flights/2026-09-14_115741
[coils] board parked in the bootloader, app not running
schedule finished
  outcome=ok  measured heat 1.49 C from 62 telemetry samples

60 Hz: 10/10 good, 16.7 C added -> results/alignment_rate/20260914_droneC_10hzs/060hz

  cooling 184 s before the first 70 Hz take (model ~69 C)
  before flashing 70 Hz: waiting 184 s. MEASURE THE COILS -- write it (or 'go') to /Users/meli/Desktop/Kevin/UCB/FlyingRobotsLinLiweiLab/ESP32_PMW/ai/thermal/operator_reading. Ctrl-C abandons.
    184 s left
    124 s left
    63 s left
    wait complete
/Users/meli/Desktop/Kevin/UCB/FlyingRobotsLinLiweiLab/ESP32_PMW/spiffs_data/tilt.json: 70 Hz, ramp 11.5 s (dwell 4.2 s), 32 s energised
   flash with:  pio run -e tilt -t uploadfs && pio run -e tilt -t upload
   NOTE flashing starts the run.
  flashed 70 Hz
[coils] board parked in the bootloader, app not running

=== 70 Hz x 10 ===
  ramp 12 s (dwell 4.2 s below pull-in), 32 s energised per repeat
  predicted heat 3.07 C/repeat, 30.7 C for the chunk, against 6 C of headroom now
    label=FREQ_070HZ
    label=SETTLE_070HZ
    label=HOLD_070HZ
    label=KILL_070HZ
    label=DOWN_070HZ
    label=TILT_OFF
  70 Hz x 10 is predicted at 30.7 C against 6.5 C of headroom.  --force-hot: proceeding anyway. WATCH THE COILS.

-- 70 Hz repeat 1/10 (model says ~64 C) --
[coils] THERMAL GATE BYPASSED at the operator's instruction: ~64C now, this run adds ~16C, ceiling is 70C. Watch the coils.
filming -> /Users/meli/Desktop/Kevin/UCB/FlyingRobotsLinLiweiLab/ESP32_PMW/results/flights/2026-09-14_120150
log      -> /Users/meli/Desktop/Kevin/UCB/FlyingRobotsLinLiweiLab/ESP32_PMW/results/tilt_sweep/20260914_120150_droneC/sweep.log
  label=SETTLE_070HZ
  label=HOLD_070HZ
  label=KILL_070HZ
  label=DOWN_070HZ
  label=TILT_OFF
[coils] 46s energised this session -> ~85C estimated
  9561 frame(s) -> /Users/meli/Desktop/Kevin/UCB/FlyingRobotsLinLiweiLab/ESP32_PMW/results/flights/2026-09-14_120150
[coils] board parked in the bootloader, app not running
schedule finished
  outcome=ok  measured heat 2.38 C from 64 telemetry samples
  cooling 152 s before repeat 2
  before 70 Hz repeat 2: waiting 152 s. MEASURE THE COILS -- write it (or 'go') to /Users/meli/Desktop/Kevin/UCB/FlyingRobotsLinLiweiLab/ESP32_PMW/ai/thermal/operator_reading. Ctrl-C abandons.
    152 s left
    91 s left
    31 s left
    wait complete

-- 70 Hz repeat 2/10 (model says ~64 C) --
[coils] THERMAL GATE BYPASSED at the operator's instruction: ~64C now, this run adds ~16C, ceiling is 70C. Watch the coils.
filming -> /Users/meli/Desktop/Kevin/UCB/FlyingRobotsLinLiweiLab/ESP32_PMW/results/flights/2026-09-14_120514
log      -> /Users/meli/Desktop/Kevin/UCB/FlyingRobotsLinLiweiLab/ESP32_PMW/results/tilt_sweep/20260914_120514_droneC/sweep.log
  label=SETTLE_070HZ
  label=HOLD_070HZ
  label=KILL_070HZ
  label=DOWN_070HZ
  label=TILT_OFF
[coils] 46s energised this session -> ~86C estimated
  9770 frame(s) -> /Users/meli/Desktop/Kevin/UCB/FlyingRobotsLinLiweiLab/ESP32_PMW/results/flights/2026-09-14_120514
[coils] board parked in the bootloader, app not running
schedule finished
  outcome=ok  measured heat 2.48 C from 64 telemetry samples
  cooling 168 s before repeat 3
  before 70 Hz repeat 3: waiting 168 s. MEASURE THE COILS -- write it (or 'go') to /Users/meli/Desktop/Kevin/UCB/FlyingRobotsLinLiweiLab/ESP32_PMW/ai/thermal/operator_reading. Ctrl-C abandons.
    168 s left
    108 s left
    48 s left
    wait complete

-- 70 Hz repeat 3/10 (model says ~64 C) --
[coils] THERMAL GATE BYPASSED at the operator's instruction: ~64C now, this run adds ~16C, ceiling is 70C. Watch the coils.
filming -> /Users/meli/Desktop/Kevin/UCB/FlyingRobotsLinLiweiLab/ESP32_PMW/results/flights/2026-09-14_120855
log      -> /Users/meli/Desktop/Kevin/UCB/FlyingRobotsLinLiweiLab/ESP32_PMW/results/tilt_sweep/20260914_120855_droneC/sweep.log
  label=SETTLE_070HZ
  label=HOLD_070HZ
  label=KILL_070HZ
  label=DOWN_070HZ
  label=TILT_OFF
[coils] 46s energised this session -> ~86C estimated
  9781 frame(s) -> /Users/meli/Desktop/Kevin/UCB/FlyingRobotsLinLiweiLab/ESP32_PMW/results/flights/2026-09-14_120855
[coils] board parked in the bootloader, app not running
schedule finished
  outcome=ok  measured heat 2.35 C from 64 telemetry samples
  cooling 161 s before repeat 4
  before 70 Hz repeat 4: waiting 161 s. MEASURE THE COILS -- write it (or 'go') to /Users/meli/Desktop/Kevin/UCB/FlyingRobotsLinLiweiLab/ESP32_PMW/ai/thermal/operator_reading. Ctrl-C abandons.
    161 s left
    101 s left
    41 s left
    wait complete

-- 70 Hz repeat 4/10 (model says ~64 C) --
[coils] THERMAL GATE BYPASSED at the operator's instruction: ~64C now, this run adds ~16C, ceiling is 70C. Watch the coils.
filming -> /Users/meli/Desktop/Kevin/UCB/FlyingRobotsLinLiweiLab/ESP32_PMW/results/flights/2026-09-14_121229
log      -> /Users/meli/Desktop/Kevin/UCB/FlyingRobotsLinLiweiLab/ESP32_PMW/results/tilt_sweep/20260914_121229_droneC/sweep.log
  label=SETTLE_070HZ
  label=HOLD_070HZ
  label=KILL_070HZ
  label=DOWN_070HZ
  label=TILT_OFF
[coils] 46s energised this session -> ~86C estimated
  9776 frame(s) -> /Users/meli/Desktop/Kevin/UCB/FlyingRobotsLinLiweiLab/ESP32_PMW/results/flights/2026-09-14_121229
[coils] board parked in the bootloader, app not running
schedule finished
  outcome=ok  measured heat 2.31 C from 64 telemetry samples
  cooling 158 s before repeat 5
  before 70 Hz repeat 5: waiting 158 s. MEASURE THE COILS -- write it (or 'go') to /Users/meli/Desktop/Kevin/UCB/FlyingRobotsLinLiweiLab/ESP32_PMW/ai/thermal/operator_reading. Ctrl-C abandons.
    158 s left
    98 s left
    38 s left
    wait complete

-- 70 Hz repeat 5/10 (model says ~64 C) --
[coils] THERMAL GATE BYPASSED at the operator's instruction: ~64C now, this run adds ~16C, ceiling is 70C. Watch the coils.
filming -> /Users/meli/Desktop/Kevin/UCB/FlyingRobotsLinLiweiLab/ESP32_PMW/results/flights/2026-09-14_121600
log      -> /Users/meli/Desktop/Kevin/UCB/FlyingRobotsLinLiweiLab/ESP32_PMW/results/tilt_sweep/20260914_121600_droneC/sweep.log
  label=SETTLE_070HZ
  label=HOLD_070HZ
  label=KILL_070HZ
  label=DOWN_070HZ
  label=TILT_OFF
[coils] 46s energised this session -> ~86C estimated
  9769 frame(s) -> /Users/meli/Desktop/Kevin/UCB/FlyingRobotsLinLiweiLab/ESP32_PMW/results/flights/2026-09-14_121600
[coils] board parked in the bootloader, app not running
schedule finished
  outcome=ok  measured heat 2.42 C from 64 telemetry samples
  cooling 164 s before repeat 6
  before 70 Hz repeat 6: waiting 164 s. MEASURE THE COILS -- write it (or 'go') to /Users/meli/Desktop/Kevin/UCB/FlyingRobotsLinLiweiLab/ESP32_PMW/ai/thermal/operator_reading. Ctrl-C abandons.
    164 s left
    104 s left
    44 s left
    wait complete

-- 70 Hz repeat 6/10 (model says ~64 C) --
[coils] THERMAL GATE BYPASSED at the operator's instruction: ~64C now, this run adds ~16C, ceiling is 70C. Watch the coils.
filming -> /Users/meli/Desktop/Kevin/UCB/FlyingRobotsLinLiweiLab/ESP32_PMW/results/flights/2026-09-14_121938
log      -> /Users/meli/Desktop/Kevin/UCB/FlyingRobotsLinLiweiLab/ESP32_PMW/results/tilt_sweep/20260914_121938_droneC/sweep.log
  label=SETTLE_070HZ
  label=HOLD_070HZ
  label=KILL_070HZ
  label=DOWN_070HZ
  label=TILT_OFF
[coils] 46s energised this session -> ~86C estimated
  9770 frame(s) -> /Users/meli/Desktop/Kevin/UCB/FlyingRobotsLinLiweiLab/ESP32_PMW/results/flights/2026-09-14_121938
[coils] board parked in the bootloader, app not running
schedule finished
  outcome=ok  measured heat 2.46 C from 64 telemetry samples
  cooling 168 s before repeat 7
  before 70 Hz repeat 7: waiting 168 s. MEASURE THE COILS -- write it (or 'go') to /Users/meli/Desktop/Kevin/UCB/FlyingRobotsLinLiweiLab/ESP32_PMW/ai/thermal/operator_reading. Ctrl-C abandons.
    168 s left
    108 s left
    48 s left
    wait complete

-- 70 Hz repeat 7/10 (model says ~64 C) --
[coils] THERMAL GATE BYPASSED at the operator's instruction: ~64C now, this run adds ~16C, ceiling is 70C. Watch the coils.
filming -> /Users/meli/Desktop/Kevin/UCB/FlyingRobotsLinLiweiLab/ESP32_PMW/results/flights/2026-09-14_122318
log      -> /Users/meli/Desktop/Kevin/UCB/FlyingRobotsLinLiweiLab/ESP32_PMW/results/tilt_sweep/20260914_122318_droneC/sweep.log
  label=SETTLE_070HZ
  label=HOLD_070HZ
  label=KILL_070HZ
  label=DOWN_070HZ
  label=TILT_OFF
[coils] 46s energised this session -> ~86C estimated
  9777 frame(s) -> /Users/meli/Desktop/Kevin/UCB/FlyingRobotsLinLiweiLab/ESP32_PMW/results/flights/2026-09-14_122318
[coils] board parked in the bootloader, app not running
schedule finished
  outcome=ok  measured heat 2.34 C from 64 telemetry samples
  cooling 158 s before repeat 8
  before 70 Hz repeat 8: waiting 158 s. MEASURE THE COILS -- write it (or 'go') to /Users/meli/Desktop/Kevin/UCB/FlyingRobotsLinLiweiLab/ESP32_PMW/ai/thermal/operator_reading. Ctrl-C abandons.
    158 s left
    98 s left
    38 s left
    wait complete

-- 70 Hz repeat 8/10 (model says ~64 C) --
[coils] THERMAL GATE BYPASSED at the operator's instruction: ~64C now, this run adds ~16C, ceiling is 70C. Watch the coils.
filming -> /Users/meli/Desktop/Kevin/UCB/FlyingRobotsLinLiweiLab/ESP32_PMW/results/flights/2026-09-14_122649
log      -> /Users/meli/Desktop/Kevin/UCB/FlyingRobotsLinLiweiLab/ESP32_PMW/results/tilt_sweep/20260914_122649_droneC/sweep.log
  label=SETTLE_070HZ
  label=HOLD_070HZ
  label=KILL_070HZ
  label=DOWN_070HZ
  label=TILT_OFF
[coils] 46s energised this session -> ~86C estimated
  9546 frame(s) -> /Users/meli/Desktop/Kevin/UCB/FlyingRobotsLinLiweiLab/ESP32_PMW/results/flights/2026-09-14_122649, 505 dropped
[coils] board parked in the bootloader, app not running
schedule finished
  outcome=ok  measured heat 2.46 C from 64 telemetry samples
  cooling 168 s before repeat 9
  before 70 Hz repeat 9: waiting 168 s. MEASURE THE COILS -- write it (or 'go') to /Users/meli/Desktop/Kevin/UCB/FlyingRobotsLinLiweiLab/ESP32_PMW/ai/thermal/operator_reading. Ctrl-C abandons.
    168 s left
    108 s left
    47 s left
    wait complete

-- 70 Hz repeat 9/10 (model says ~64 C) --
[coils] THERMAL GATE BYPASSED at the operator's instruction: ~64C now, this run adds ~16C, ceiling is 70C. Watch the coils.
filming -> /Users/meli/Desktop/Kevin/UCB/FlyingRobotsLinLiweiLab/ESP32_PMW/results/flights/2026-09-14_123030
log      -> /Users/meli/Desktop/Kevin/UCB/FlyingRobotsLinLiweiLab/ESP32_PMW/results/tilt_sweep/20260914_123030_droneC/sweep.log
  label=SETTLE_070HZ
  label=HOLD_070HZ
  label=KILL_070HZ
  label=DOWN_070HZ
  label=TILT_OFF
[coils] 46s energised this session -> ~86C estimated
  9397 frame(s) -> /Users/meli/Desktop/Kevin/UCB/FlyingRobotsLinLiweiLab/ESP32_PMW/results/flights/2026-09-14_123030, 806 dropped
[coils] board parked in the bootloader, app not running
schedule finished
  outcome=ok  measured heat 2.36 C from 64 telemetry samples
  cooling 161 s before repeat 10
  before 70 Hz repeat 10: waiting 161 s. MEASURE THE COILS -- write it (or 'go') to /Users/meli/Desktop/Kevin/UCB/FlyingRobotsLinLiweiLab/ESP32_PMW/ai/thermal/operator_reading. Ctrl-C abandons.
    161 s left
    101 s left
    41 s left
    wait complete

-- 70 Hz repeat 10/10 (model says ~64 C) --
[coils] THERMAL GATE BYPASSED at the operator's instruction: ~64C now, this run adds ~16C, ceiling is 70C. Watch the coils.
filming -> /Users/meli/Desktop/Kevin/UCB/FlyingRobotsLinLiweiLab/ESP32_PMW/results/flights/2026-09-14_123404
log      -> /Users/meli/Desktop/Kevin/UCB/FlyingRobotsLinLiweiLab/ESP32_PMW/results/tilt_sweep/20260914_123404_droneC/sweep.log
  label=SETTLE_070HZ
  label=HOLD_070HZ
  label=KILL_070HZ
  label=DOWN_070HZ
  label=TILT_OFF
[coils] 46s energised this session -> ~86C estimated
  9518 frame(s) -> /Users/meli/Desktop/Kevin/UCB/FlyingRobotsLinLiweiLab/ESP32_PMW/results/flights/2026-09-14_123404, 670 dropped
[coils] board parked in the bootloader, app not running
schedule finished
  outcome=ok  measured heat 2.44 C from 64 telemetry samples

70 Hz: 10/10 good, 24.0 C added -> results/alignment_rate/20260914_droneC_10hzs/070hz

  cooling 282 s before the first 80 Hz take (model ~69 C)
  before flashing 80 Hz: waiting 282 s. MEASURE THE COILS -- write it (or 'go') to /Users/meli/Desktop/Kevin/UCB/FlyingRobotsLinLiweiLab/ESP32_PMW/ai/thermal/operator_reading. Ctrl-C abandons.
    282 s left
    222 s left
    162 s left
    102 s left
    42 s left
    wait complete
/Users/meli/Desktop/Kevin/UCB/FlyingRobotsLinLiweiLab/ESP32_PMW/spiffs_data/tilt.json: 80 Hz, ramp 12.5 s (dwell 4.2 s), 33 s energised
   flash with:  pio run -e tilt -t uploadfs && pio run -e tilt -t upload
   NOTE flashing starts the run.
  flashed 80 Hz
[coils] board parked in the bootloader, app not running

=== 80 Hz x 10 ===
  ramp 12 s (dwell 4.2 s below pull-in), 33 s energised per repeat
  predicted heat 4.66 C/repeat, 46.6 C for the chunk, against 10 C of headroom now
    label=FREQ_080HZ
    label=SETTLE_080HZ
    label=HOLD_080HZ
    label=KILL_080HZ
    label=DOWN_080HZ
    label=TILT_OFF
  80 Hz x 10 is predicted at 46.6 C against 9.6 C of headroom.  --force-hot: proceeding anyway. WATCH THE COILS.

-- 80 Hz repeat 1/10 (model says ~60 C) --
[coils] THERMAL GATE BYPASSED at the operator's instruction: ~60C now, this run adds ~16C, ceiling is 70C. Watch the coils.
filming -> /Users/meli/Desktop/Kevin/UCB/FlyingRobotsLinLiweiLab/ESP32_PMW/results/flights/2026-09-14_123952
log      -> /Users/meli/Desktop/Kevin/UCB/FlyingRobotsLinLiweiLab/ESP32_PMW/results/tilt_sweep/20260914_123952_droneC/sweep.log
  label=SETTLE_080HZ
  label=HOLD_080HZ
  label=KILL_080HZ
  label=DOWN_080HZ
  label=TILT_OFF
  label=
[coils] 48s energised this session -> ~83C estimated
  3672 frame(s) -> /Users/meli/Desktop/Kevin/UCB/FlyingRobotsLinLiweiLab/ESP32_PMW/results/flights/2026-09-14_123952, 553 dropped
[coils] park attempt 1/4 failed: ['Hint: Check if the port is correct and ESP connected']
[coils] park attempt 2/4 failed: ['Hint: Check if the port is correct and ESP connected']
[coils] park attempt 3/4 failed: ['Hint: Check if the port is correct and ESP connected']
[coils] park attempt 4/4 failed: ['Hint: Check if the port is correct and ESP connected']
[coils] PARK FAILED -- press GPIO14 NOW.
esptool.py v4.11.0
Serial port /dev/cu.SLAB_USBtoUART

A fatal error occurred: Could not open /dev/cu.SLAB_USBtoUART, the port is busy or doesn't exist.
([Errno 2] could not open port /dev/cu.SLAB_USBtoUART: [Errno 2] No such file or directory: '/dev/cu.SLAB_USBtoUART')

Hint: Check if the port is correct and ESP connected


schedule finished
  outcome=ok  measured heat 4.08 C from 66 telemetry samples
  cooling 279 s before repeat 2
  before 80 Hz repeat 2: waiting 279 s. MEASURE THE COILS -- write it (or 'go') to /Users/meli/Desktop/Kevin/UCB/FlyingRobotsLinLiweiLab/ESP32_PMW/ai/thermal/operator_reading. Ctrl-C abandons.
    279 s left
    219 s left
    30 C recorded; continuing early

-- 80 Hz repeat 2/10 (model says ~30 C) --
[coils] THERMAL GATE BYPASSED at the operator's instruction: ~30C now, this run adds ~16C, ceiling is 70C. Watch the coils.
Traceback (most recent call last):
  File "/Users/meli/Desktop/Kevin/UCB/FlyingRobotsLinLiweiLab/ESP32_PMW/controller/control/tilt_run.py", line 898, in <module>
    sweep(fr, a.repeats, port=a.port, out_dir=a.out, cool=not a.no_cool,
    ~~~~~^^^^^^^^^^^^^^^^^^^^^^^^^^^^^^^^^^^^^^^^^^^^^^^^^^^^^^^^^^^^^^^
          force_hot=a.force_hot, dry_run=a.dry_run, drone=a.drone,
          ^^^^^^^^^^^^^^^^^^^^^^^^^^^^^^^^^^^^^^^^^^^^^^^^^^^^^^^^
          out_root=a.flights_root, gate=gate)
          ^^^^^^^^^^^^^^^^^^^^^^^^^^^^^^^^^^^
  File "/Users/meli/Desktop/Kevin/UCB/FlyingRobotsLinLiweiLab/ESP32_PMW/controller/control/tilt_run.py", line 695, in sweep
    rows = run_chunk(f, need[f], port=port, out_dir=chunk,
                     cool=cool, force_hot=force_hot, gate=gate, **kw)
  File "/Users/meli/Desktop/Kevin/UCB/FlyingRobotsLinLiweiLab/ESP32_PMW/controller/control/tilt_run.py", line 552, in run_chunk
    flight, log, outcome = tilt_sweep.run(
                           ~~~~~~~~~~~~~~^
        port=port, drive_s=p["drive_s"], ignore_thermal=True,
        ^^^^^^^^^^^^^^^^^^^^^^^^^^^^^^^^^^^^^^^^^^^^^^^^^^^^^
        timeout_s=p["drive_s"] + tilt_schedule.OFF_MS / 1000.0 + 60.0, **kw)
        ^^^^^^^^^^^^^^^^^^^^^^^^^^^^^^^^^^^^^^^^^^^^^^^^^^^^^^^^^^^^^^^^^^^^
  File "/Users/meli/Desktop/Kevin/UCB/FlyingRobotsLinLiweiLab/ESP32_PMW/controller/control/tilt_sweep.py", line 116, in run
    idx = (identify.elp_indices() if indices is None else list(indices))
           ~~~~~~~~~~~~~~~~~~~~^^
  File "/Users/meli/Desktop/Kevin/UCB/FlyingRobotsLinLiweiLab/ESP32_PMW/controller/camera/identify.py", line 118, in elp_indices
    raise RuntimeError(
    ...<2 lines>...
    )
RuntimeError: need 2 camera(s) at 1280x800, found 0: [].
Connected: FaceTime HD Camera (47B4B64B-7067-4B9C-AD2B-AE273A71F4B5), Global Shutter Camera (0x13000032e49281), Global Shutter Camera (0x12000032e49281)
