/Users/meli/Desktop/Kevin/UCB/FlyingRobotsLinLiweiLab/ESP32_PMW/controller/control/alignment_rate.py:1604: UserWarning: This figure includes Axes that are not compatible with tight_layout, so results might be incorrect.
  fig.tight_layout()
pre-cut tilt band: -7.1-27.5 deg (median 10.2, robust sigma 5.8)

 freq   n |   median     MAD |  modal     mean     sd |  rate fit     MAD     jump     HINGE     mad  lag ms
   10  10 |    15.66   13.18 |  6/10     13.68   5.53 |     88.00   69.06   222.62    361.79  119.96   223.7
   20  10 |    40.92   37.59 |  3/10     45.17  10.69 |    249.06  349.23   759.80   1284.81  569.11    39.6
   30  10 |    15.11   10.50 |  7/10     17.84   6.04 |    109.35   22.56   290.60    422.23  249.25    29.5
   40   9 |    26.16   10.60 |  5/9      29.68   3.38 |    177.97   41.46   284.57    489.81   83.69    30.7
   50   7 |    -1.15    8.87 |  6/7      -3.62   6.04 |      2.51    1.81   152.42       nan     nan     nan
   60   5 |     5.22    7.69 |  3/5       3.43   2.94 |      1.95     nan   235.21       nan     nan     nan
   70   7 |    48.53   29.01 |  3/7      54.93   7.35 |    273.00   21.38   546.43   2649.74  212.54    31.1

-> results/alignment_rate/20260910_droneB/report
=== 2026-09-13 09:55:19 --campaign after the 80-120 Hz takes were solved ===
  120 Hz: 0 usable repeats, skipped
  5 take(s) REFUSED -- solved below 2x the drive frequency, so the once-per-rev wobble is aliased (kept on disk):
      120 Hz  2026-09-13_050210  solved 232.3 Hz, needs 240
      120 Hz  2026-09-13_051734  solved 232.2 Hz, needs 240
      120 Hz  2026-09-13_053559  solved 229.3 Hz, needs 240
      120 Hz  2026-09-13_055548  solved 231.5 Hz, needs 240
      120 Hz  2026-09-13_061434  solved 229.1 Hz, needs 240
pre-cut tilt band: -8.8-37.3 deg (median 14.3, robust sigma 7.7)
/Users/meli/Desktop/Kevin/UCB/FlyingRobotsLinLiweiLab/ESP32_PMW/controller/control/alignment_rate.py:1604: UserWarning: This figure includes Axes that are not compatible with tight_layout, so results might be incorrect.
  fig.tight_layout()

 freq   n |   median     MAD |  modal     mean     sd |  rate fit     MAD     jump     HINGE     mad  lag ms
   10  10 |    15.66   13.18 |  6/10     13.68   5.53 |     88.00   69.06   222.62    361.79  119.96   223.7
   20  10 |    40.92   37.59 |  3/10     45.17  10.69 |    249.06  349.23   759.80   1284.81  569.11    39.6
   30  10 |    15.11   10.50 |  7/10     17.84   6.04 |    109.35   22.56   290.60    422.23  249.25    29.5
   40   9 |    26.16   10.60 |  5/9      29.68   3.38 |    177.97   41.46   284.57    489.81   83.69    30.7
   50   7 |    -1.15    8.87 |  6/7      -3.62   6.04 |      2.51    1.81   152.42       nan     nan     nan
   60   5 |     5.22    7.69 |  3/5       3.43   2.94 |      1.95     nan   235.21       nan     nan     nan
   70   9 |    -0.08   23.28 |  4/9      -0.46   0.61 |      1.81    0.06   518.60       nan     nan     nan
   80  10 |    -0.01   21.54 |  5/10     -2.81   5.69 |      0.82    0.96   268.27       nan     nan     nan
   90   5 |    -2.50   36.81 |  2/5      -7.47   7.03 |      4.03     nan   229.51       nan     nan     nan
  100   4 |    12.52   17.78 |  3/4       8.39  13.64 |     87.62  129.22   241.52    639.26     nan    21.2
  110   5 |    30.02    6.21 |  5/5      28.14   5.17 |    219.73   53.09   200.83    751.27   99.21    42.7

-> results/alignment_rate/20260910_droneB/report
=== 2026-09-14 04:34:00 --campaign after retiming + re-record
  120 Hz: 0 usable repeats, skipped
  9 take(s) REFUSED -- solved below 2x the drive frequency, so the once-per-rev wobble is aliased (kept on disk):
      120 Hz  2026-09-13_050210  solved 232.3 Hz, needs 240
      120 Hz  2026-09-13_051734  solved 232.2 Hz, needs 240
      120 Hz  2026-09-13_053559  solved 229.1 Hz, needs 240
      120 Hz  2026-09-13_061434  solved 228.7 Hz, needs 240
      120 Hz  2026-09-14_025137  solved 230.1 Hz, needs 240
      120 Hz  2026-09-14_025621  solved 232.6 Hz, needs 240
      120 Hz  2026-09-14_031800  solved 231.4 Hz, needs 240
      120 Hz  2026-09-14_033648  solved 233.8 Hz, needs 240
      120 Hz  2026-09-14_035533  solved 227.8 Hz, needs 240
pre-cut tilt band: -6.8-36.6 deg (median 14.9, robust sigma 7.2)
/Users/meli/Desktop/Kevin/UCB/FlyingRobotsLinLiweiLab/ESP32_PMW/controller/control/alignment_rate.py:1604: UserWarning: This figure includes Axes that are not compatible with tight_layout, so results might be incorrect.
  fig.tight_layout()

 freq   n |   median     MAD |  modal     mean     sd |  rate fit     MAD     jump     HINGE     mad  lag ms
   10   9 |    16.18    9.96 |  7/9      13.08   5.30 |     88.00   69.06   238.33    442.70  239.92    75.5
   20  10 |    41.85   20.57 |  5/10     40.31  10.17 |    108.92  141.46   823.73   1112.24  313.26    47.0
   30   9 |    21.45    8.01 |  7/9      18.75   6.92 |     97.37   39.63   290.60    553.70  169.72    18.2
   40   9 |    30.96    6.69 |  7/9      29.02   3.03 |    168.97   41.46   227.64    546.26  161.64    37.8
   50   7 |    29.76   17.01 |  5/7      28.82   9.72 |    155.91   41.64   370.58    650.91  365.68    22.1
   60   8 |    35.09   14.77 |  6/8      32.96   8.93 |    197.04   71.28   252.14    632.92  161.79    31.4
   70   9 |    36.38    6.40 |  6/9      35.99   6.33 |    229.79   16.10   380.58    984.05  213.66    40.7
   80  14 |    41.62    5.16 | 14/14     40.03   6.09 |    258.54   42.12   490.14   1391.22  442.47    28.7
   90   5 |    48.17   38.31 |  2/5      40.99  10.15 |    347.98  126.70   229.51   1382.57  672.75    64.0
  100   4 |    33.72    9.34 |  3/4      30.52   6.30 |    209.33   24.80   464.52    899.40   28.45    27.3
  110   6 |    29.02    6.05 |  5/6      29.27   4.63 |    219.73   28.79   217.44    636.26  220.13    38.9

-> results/alignment_rate/20260910_droneB/report
