[1073952.074] <- abel=FREQ_020HZ
[1073952.074] <- t=1150 freq=2.0 | I[A]: A=0.18 B=0.93 C=0.36 D=0.00 | duty[%]: A=100.0 B=100.0 C=100.0 D=100.0 | spread=0.932 bal=0 trip=0
[1073952.372] <- t=1651 freq=2.0 | I[A]: A=-0.96 B=0.04 C=-0.10 D=0.40 | duty[%]: A=100.0 B=100.0 C=100.0 D=100.0 | spread=1.352 bal=0 trip=0
[1073952.863] <- t=2151 freq=2.2 | I[A]: A=-0.97 B=0.03 C=-0.22 D=0.26 | duty[%]: A=100.0 B=100.0 C=100.0 D=100.0 | spread=1.230 bal=0 trip=0
[1073953.364] <- t=2651 freq=2.5 | I[A]: A=-0.98 B=0.01 C=-0.41 D=0.08 | duty[%]: A=100.0 B=100.0 C=100.0 D=100.0 | spread=1.061 bal=0 trip=0
[1073953.860] <- t=3151 freq=2.9 | I[A]: A=-0.93 B=0.06 C=-0.16 D=0.31 | duty[%]: A=100.0 B=100.0 C=100.0 D=100.0 | spread=1.240 bal=0 trip=0
[1073954.364] <- t=3652 freq=3.5 | I[A]: A=-0.94 B=0.04 C=-0.27 D=0.19 | duty[%]: A=100.0 B=100.0 C=100.0 D=100.0 | spread=1.133 bal=0 trip=0
[1073954.863] <- t=4152 freq=4.1 | I[A]: A=-0.87 B=0.11 C=-0.09 D=0.37 | duty[%]: A=100.0 B=100.0 C=100.0 D=100.0 | spread=1.248 bal=0 trip=0
[1073955.367] <- t=4652 freq=4.5 | I[A]: A=-0.92 B=0.07 C=-0.27 D=0.21 | duty[%]: A=100.0 B=100.0 C=100.0 D=100.0 | spread=1.130 bal=0 trip=0
[1073955.864] <- t=5153 freq=4.8 | I[A]: A=-0.85 B=0.15 C=-0.02 D=0.41 | duty[%]: A=100.0 B=100.0 C=100.0 D=100.0 | spread=1.267 bal=0 trip=0
[1073956.365] <- t=5653 freq=5.0 | I[A]: A=-0.79 B=0.19 C=-0.42 D=0.07 | duty[%]: A=100.0 B=100.0 C=100.0 D=100.0 | spread=0.981 bal=0 trip=0
[1073956.864] <- t=6153 freq=5.0 | I[A]: A=-0.79 B=0.20 C=-0.41 D=0.07 | duty[%]: A=100.0 B=100.0 C=100.0 D=100.0 | spread=0.999 bal=0 trip=0
[1073957.366] <- t=6653 freq=5.3 | I[A]: A=-0.80 B=0.18 C=0.02 D=0.48 | duty[%]: A=100.0 B=100.0 C=100.0 D=100.0 | spread=1.280 bal=0 trip=0
[1073957.863] <- t=7153 freq=6.3 | I[A]: A=-0.62 B=0.40 C=-0.30 D=0.17 | duty[%]: A=100.0 B=100.0 C=100.0 D=100.0 | spread=1.023 bal=0 trip=0
[1073958.368] <- t=7653 freq=8.4 | I[A]: A=-0.63 B=0.36 C=-0.28 D=0.20 | duty[%]: A=100.0 B=100.0 C=100.0 D=100.0 | spread=0.989 bal=0 trip=0
[1073958.865] <- t=8154 freq=11.5 | I[A]: A=-0.43 B=0.57 C=-0.11 D=0.37 | duty[%]: A=100.0 B=100.0 C=100.0 D=100.0 | spread=0.993 bal=0 trip=0
[1073959.365] <- t=8655 freq=14.9 | I[A]: A=-0.34 B=0.64 C=-0.03 D=0.42 | duty[%]: A=100.0 B=100.0 C=100.0 D=100.0 | spread=0.975 bal=0 trip=0
[1073959.865] <- t=9155 freq=17.7 | I[A]: A=-0.37 B=0.63 C=0.37 D=0.76 | duty[%]: A=100.0 B=100.0 C=100.0 D=100.0 | spread=1.136 bal=0 trip=0
[1073960.368] <- t=9655 freq=19.3 | I[A]: A=-0.09 B=0.85 C=0.22 D=0.63 | duty[%]: A=100.0 B=100.0 C=100.0 D=100.0 | spread=0.946 bal=0 trip=0
[1073960.867] <- t=10155 freq=19.9 | I[A]: A=-0.32 B=0.66 C=0.38 D=0.84 | duty[%]: A=100.0 B=100.0 C=100.0 D=100.0 | spread=1.163 bal=0 trip=0
[1073961.144] <- label=SETTLE_020HZ
[1073961.370] <- t=10655 freq=20.0 | I[A]: A=-0.34 B=0.70 C=0.39 D=0.83 | duty[%]: A=100.0 B=100.0 C=100.0 D=100.0 | spread=1.171 bal=0 trip=0
[1073961.866] <- t=11155 freq=20.0 | I[A]: A=-0.33 B=0.71 C=0.40 D=0.83 | duty[%]: A=100.0 B=100.0 C=100.0 D=100.0 | spread=1.162 bal=0 trip=0
[1073962.366] <- t=11655 freq=20.0 | I[A]: A=-0.32 B=0.66 C=0.39 D=0.84 | duty[%]: A=100.0 B=100.0 C=100.0 D=100.0 | spread=1.158 bal=0 trip=0
[1073962.867] <- t=12156 freq=20.0 | I[A]: A=-0.24 B=0.83 C=0.36 D=0.80 | duty[%]: A=100.0 B=100.0 C=100.0 D=100.0 | spread=1.072 bal=0 trip=0
[1073963.374] <- t=12656 freq=20.0 | I[A]: A=-0.15 B=0.92 C=0.38 D=0.81 | duty[%]: A=100.0 B=100.0 C=100.0 D=100.0 | spread=1.068 bal=0 trip=0
[1073963.866] <- t=13156 freq=20.0 | I[A]: A=-0.16 B=0.89 C=0.39 D=0.82 | duty[%]: A=100.0 B=100.0 C=100.0 D=100.0 | spread=1.048 bal=0 trip=0
[1073964.146] <- label=HOLD_020HZ
[1073964.367] <- t=13656 freq=20.0 | I[A]: A=-0.16 B=0.89 C=0.38 D=0.82 | duty[%]: A=100.0 B=100.0 C=100.0 D=100.0 | spread=1.046 bal=0 trip=0
[1073964.868] <- t=14156 freq=20.0 | I[A]: A=-0.17 B=0.88 C=0.37 D=0.83 | duty[%]: A=100.0 B=100.0 C=100.0 D=100.0 | spread=1.053 bal=0 trip=0
[1073965.365] <- t=14656 freq=20.0 | I[A]: A=-0.21 B=0.85 C=0.36 D=0.81 | duty[%]: A=100.0 B=100.0 C=100.0 D=100.0 | spread=1.062 bal=0 trip=0
[1073965.867] <- t=15156 freq=20.0 | I[A]: A=-0.31 B=0.78 C=0.37 D=0.81 | duty[%]: A=100.0 B=100.0 C=100.0 D=100.0 | spread=1.118 bal=0 trip=0
[1073966.369] <- t=15656 freq=20.0 | I[A]: A=-0.16 B=0.87 C=0.37 D=0.82 | duty[%]: A=100.0 B=100.0 C=100.0 D=100.0 | spread=1.029 bal=0 trip=0
[1073966.871] <- t=16156 freq=20.0 | I[A]: A=-0.21 B=0.85 C=0.35 D=0.82 | duty[%]: A=100.0 B=100.0 C=100.0 D=100.0 | spread=1.067 bal=0 trip=0
[1073967.367] <- t=16657 freq=20.0 | I[A]: A=-0.11 B=0.99 C=0.37 D=0.79 | duty[%]: A=100.0 B=100.0 C=100.0 D=100.0 | spread=1.098 bal=0 trip=0
[1073967.868] <- t=17157 freq=20.0 | I[A]: A=0.01 B=1.02 C=0.36 D=0.80 | duty[%]: A=100.0 B=100.0 C=100.0 D=100.0 | spread=1.003 bal=0 trip=0
[1073968.368] <- t=17657 freq=20.0 | I[A]: A=-0.07 B=1.01 C=0.34 D=0.78 | duty[%]: A=100.0 B=100.0 C=100.0 D=100.0 | spread=1.079 bal=0 trip=0
[1073968.871] <- t=18157 freq=20.0 | I[A]: A=-0.14 B=0.94 C=0.37 D=0.81 | duty[%]: A=100.0 B=100.0 C=100.0 D=100.0 | spread=1.071 bal=0 trip=0
[1073969.371] <- t=18658 freq=20.0 | I[A]: A=-0.00 B=1.03 C=0.36 D=0.80 | duty[%]: A=100.0 B=100.0 C=100.0 D=100.0 | spread=1.031 bal=0 trip=0
[1073969.871] <- t=19158 freq=20.0 | I[A]: A=0.06 B=1.04 C=0.32 D=0.78 | duty[%]: A=100.0 B=100.0 C=100.0 D=100.0 | spread=0.984 bal=0 trip=0
[1073970.369] <- t=19658 freq=20.0 | I[A]: A=0.02 B=1.06 C=0.34 D=0.77 | duty[%]: A=100.0 B=100.0 C=100.0 D=100.0 | spread=1.040 bal=0 trip=0
[1073970.871] <- t=20159 freq=20.0 | I[A]: A=0.05 B=1.01 C=0.32 D=0.78 | duty[%]: A=100.0 B=100.0 C=100.0 D=100.0 | spread=0.958 bal=0 trip=0
[1073971.150] <- label=KILL_020HZ
[1073971.371] <- t=20659 freq=20.0 | I[A]: A=-0.98 B=1.02 C=-0.47 D=0.74 | duty[%]: A=0.0 B=100.0 C=0.0 D=100.0 | spread=1.994 bal=0 trip=0
[1073971.869] <- t=21159 freq=20.0 | I[A]: A=-0.99 B=0.99 C=-0.48 D=0.76 | duty[%]: A=0.0 B=100.0 C=0.0 D=100.0 | spread=1.979 bal=0 trip=0
[1073972.374] <- t=21660 freq=20.0 | I[A]: A=-0.99 B=1.02 C=-0.48 D=0.74 | duty[%]: A=0.0 B=100.0 C=0.0 D=100.0 | spread=2.010 bal=0 trip=0
[1073972.884] <- t=22160 freq=20.0 | I[A]: A=-0.99 B=0.99 C=-0.48 D=0.73 | duty[%]: A=0.0 B=100.0 C=0.0 D=100.0 | spread=1.978 bal=0 trip=0
[1073973.377] <- t=22660 freq=20.0 | I[A]: A=-0.99 B=0.98 C=-0.48 D=0.77 | duty[%]: A=0.0 B=100.0 C=0.0 D=100.0 | spread=1.970 bal=0 trip=0
[1073973.869] <- t=23160 freq=20.0 | I[A]: A=-0.99 B=1.01 C=-0.48 D=0.75 | duty[%]: A=0.0 B=100.0 C=0.0 D=100.0 | spread=1.997 bal=0 trip=0
[1073974.374] <- t=23660 freq=20.0 | I[A]: A=-0.99 B=0.99 C=-0.48 D=0.74 | duty[%]: A=0.0 B=100.0 C=0.0 D=100.0 | spread=1.978 bal=0 trip=0
[1073974.870] <- t=24160 freq=20.0 | I[A]: A=-0.99 B=0.99 C=-0.48 D=0.76 | duty[%]: A=0.0 B=100.0 C=0.0 D=100.0 | spread=1.978 bal=0 trip=0
[1073975.370] <- t=24661 freq=20.0 | I[A]: A=-0.99 B=1.01 C=-0.48 D=0.71 | duty[%]: A=0.0 B=100.0 C=0.0 D=100.0 | spread=2.006 bal=0 trip=0
[1073975.873] <- t=25161 freq=20.0 | I[A]: A=-0.99 B=0.93 C=-0.48 D=0.72 | duty[%]: A=0.0 B=100.0 C=0.0 D=100.0 | spread=1.926 bal=0 trip=0
[1073976.146] <- label=DOWN_020HZ
[1073976.385] <- t=25661 freq=19.9 | I[A]: A=-0.99 B=1.00 C=-0.48 D=0.71 | duty[%]: A=0.0 B=100.0 C=0.0 D=100.0 | spread=1.990 bal=0 trip=0
[1073976.875] <- t=26161 freq=19.1 | I[A]: A=-0.99 B=0.71 C=-0.48 D=0.87 | duty[%]: A=0.0 B=100.0 C=0.0 D=100.0 | spread=1.865 bal=0 trip=0
[1073977.374] <- t=26661 freq=16.9 | I[A]: A=-0.99 B=0.58 C=-0.48 D=0.71 | duty[%]: A=0.0 B=100.0 C=0.0 D=100.0 | spread=1.707 bal=0 trip=0
[1073977.877] <- t=27161 freq=12.9 | I[A]: A=-0.99 B=0.42 C=-0.48 D=0.59 | duty[%]: A=0.0 B=100.0 C=0.0 D=100.0 | spread=1.578 bal=0 trip=0
[1073978.375] <- t=27661 freq=8.0 | I[A]: A=-0.99 B=0.45 C=-0.48 D=0.23 | duty[%]: A=0.0 B=100.0 C=0.0 D=100.0 | spread=1.445 bal=0 trip=0
[1073978.874] <- t=28161 freq=3.8 | I[A]: A=-0.99 B=0.05 C=-0.48 D=0.14 | duty[%]: A=0.0 B=100.0 C=0.0 D=100.0 | spread=1.128 bal=0 trip=0
[1073979.379] <- t=28661 freq=1.2 | I[A]: A=-0.99 B=0.06 C=-0.48 D=0.00 | duty[%]: A=0.0 B=100.0 C=0.0 D=100.0 | spread=1.049 bal=0 trip=0
[1073979.878] <- t=29161 freq=0.1 | I[A]: A=-0.99 B=0.00 C=-0.48 D=0.00 | duty[%]: A=0.0 B=100.0 C=0.0 D=100.0 | spread=0.992 bal=0 trip=0
[1073980.374] <- t=29661 freq=0.0 | I[A]: A=-0.99 B=0.00 C=-0.48 D=0.00 | duty[%]: A=0.0 B=0.0 C=0.0 D=0.0 | spread=0.992 bal=0 trip=0
[1073980.870] <- t=30161 freq=0.0 | I[A]: A=-0.99 B=0.00 C=-0.48 D=0.00 | duty[%]: A=0.0 B=0.0 C=0.0 D=0.0 | spread=0.992 bal=0 trip=0
[1073981.379] <- t=30662 freq=0.0 | I[A]: A=-0.99 B=0.00 C=-0.48 D=0.00 | duty[%]: A=0.0 B=0.0 C=0.0 D=0.0 | spread=0.992 bal=0 trip=0
[1073981.874] <- t=31162 freq=0.0 | I[A]: A=-0.99 B=0.00 C=-0.48 D=0.00 | duty[%]: A=0.0 B=0.0 C=0.0 D=0.0 | spread=0.992 bal=0 trip=0
[1073982.377] <- t=31662 freq=0.0 | I[A]: A=-0.99 B=0.00 C=-0.48 D=0.00 | duty[%]: A=0.0 B=0.0 C=0.0 D=0.0 | spread=0.992 bal=0 trip=0
[1073982.883] <- t=32162 freq=0.0 | I[A]: A=-0.99 B=0.00 C=-0.48 D=0.00 | duty[%]: A=0.0 B=0.0 C=0.0 D=0.0 | spread=0.992 bal=0 trip=0
[1073983.375] <- t=32662 freq=0.0 | I[A]: A=-0.99 B=0.00 C=-0.48 D=0.00 | duty[%]: A=0.0 B=0.0 C=0.0 D=0.0 | spread=0.992 bal=0 trip=0
[1073983.883] <- t=33163 freq=0.0 | I[A]: A=-0.99 B=0.00 C=-0.48 D=0.00 | duty[%]: A=0.0 B=0.0 C=0.0 D=0.0 | spread=0.992 bal=0 trip=0
[1073984.376] <- t=33663 freq=0.0 | I[A]: A=-0.99 B=0.00 C=-0.48 D=0.00 | duty[%]: A=0.0 B=0.0 C=0.0 D=0.0 | spread=0.992 bal=0 trip=0
[1073984.874] <- t=34163 freq=0.0 | I[A]: A=-0.99 B=0.00 C=-0.48 D=0.00 | duty[%]: A=0.0 B=0.0 C=0.0 D=0.0 | spread=0.992 bal=0 trip=0
[1073985.374] <- t=34664 freq=0.0 | I[A]: A=-0.99 B=0.00 C=-0.48 D=0.00 | duty[%]: A=0.0 B=0.0 C=0.0 D=0.0 | spread=0.992 bal=0 trip=0
[1073985.880] <- t=35164 freq=0.0 | I[A]: A=-0.99 B=0.00 C=-0.48 D=0.00 | duty[%]: A=0.0 B=0.0 C=0.0 D=0.0 | spread=0.992 bal=0 trip=0
[1073986.374] <- t=35664 freq=0.0 | I[A]: A=-0.99 B=0.00 C=-0.48 D=0.00 | duty[%]: A=0.0 B=0.0 C=0.0 D=0.0 | spread=0.992 bal=0 trip=0
[1073986.887] <- t=36165 freq=0.0 | I[A]: A=-0.99 B=0.00 C=-0.48 D=0.00 | duty[%]: A=0.0 B=0.0 C=0.0 D=0.0 | spread=0.992 bal=0 trip=0
[1073987.379] <- t=36665 freq=0.0 | I[A]: A=-0.99 B=0.00 C=-0.48 D=0.00 | duty[%]: A=0.0 B=0.0 C=0.0 D=0.0 | spread=0.992 bal=0 trip=0
[1073987.883] <- t=37166 freq=0.0 | I[A]: A=-0.99 B=0.00 C=-0.48 D=0.00 | duty[%]: A=0.0 B=0.0 C=0.0 D=0.0 | spread=0.992 bal=0 trip=0
[1073988.382] <- t=37666 freq=0.0 | I[A]: A=-0.99 B=0.00 C=-0.48 D=0.00 | duty[%]: A=0.0 B=0.0 C=0.0 D=0.0 | spread=0.992 bal=0 trip=0
[1073988.879] <- t=38166 freq=0.0 | I[A]: A=-0.99 B=0.00 C=-0.48 D=0.00 | duty[%]: A=0.0 B=0.0 C=0.0 D=0.0 | spread=0.992 bal=0 trip=0
[1073989.378] <- t=38666 freq=0.0 | I[A]: A=-0.99 B=0.00 C=-0.48 D=0.00 | duty[%]: A=0.0 B=0.0 C=0.0 D=0.0 | spread=0.992 bal=0 trip=0
[1073989.885] <- t=39167 freq=0.0 | I[A]: A=-0.99 B=0.00 C=-0.48 D=0.00 | duty[%]: A=0.0 B=0.0 C=0.0 D=0.0 | spread=0.992 bal=0 trip=0
[1073990.383] <- t=39667 freq=0.0 | I[A]: A=-0.99 B=0.00 C=-0.48 D=0.00 | duty[%]: A=0.0 B=0.0 C=0.0 D=0.0 | spread=0.992 bal=0 trip=0
[1073990.876] <- t=40167 freq=0.0 | I[A]: A=-0.99 B=0.00 C=-0.48 D=0.00 | duty[%]: A=0.0 B=0.0 C=0.0 D=0.0 | spread=0.992 bal=0 trip=0
[1073991.383] <- t=40667 freq=0.0 | I[A]: A=-0.99 B=0.00 C=-0.48 D=0.00 | duty[%]: A=0.0 B=0.0 C=0.0 D=0.0 | spread=0.992 bal=0 trip=0
[1073991.883] <- t=41167 freq=0.0 | I[A]: A=-0.99 B=0.00 C=-0.48 D=0.00 | duty[%]: A=0.0 B=0.0 C=0.0 D=0.0 | spread=0.992 bal=0 trip=0
[1073992.379] <- t=41667 freq=0.0 | I[A]: A=-0.99 B=0.00 C=-0.48 D=0.00 | duty[%]: A=0.0 B=0.0 C=0.0 D=0.0 | spread=0.992 bal=0 trip=0
[1073992.887] <- t=42167 freq=0.0 | I[A]: A=-0.99 B=0.00 C=-0.48 D=0.00 | duty[%]: A=0.0 B=0.0 C=0.0 D=0.0 | spread=0.992 bal=0 trip=0
[1073993.382] <- t=42667 freq=0.0 | I[A]: A=-0.99 B=0.00 C=-0.48 D=0.00 | duty[%]: A=0.0 B=0.0 C=0.0 D=0.0 | spread=0.992 bal=0 trip=0
[1073993.879] <- t=43167 freq=0.0 | I[A]: A=-0.99 B=0.00 C=-0.48 D=0.00 | duty[%]: A=0.0 B=0.0 C=0.0 D=0.0 | spread=0.992 bal=0 trip=0
[1073994.384] <- t=43667 freq=0.0 | I[A]: A=-0.99 B=0.00 C=-0.48 D=0.00 | duty[%]: A=0.0 B=0.0 C=0.0 D=0.0 | spread=0.992 bal=0 trip=0
[1073994.881] <- t=44168 freq=0.0 | I[A]: A=-0.99 B=0.00 C=-0.48 D=0.00 | duty[%]: A=0.0 B=0.0 C=0.0 D=0.0 | spread=0.992 bal=0 trip=0
[1073995.154] <- label=TILT_OFF
