[115670.234] <- Z
[115670.234] <- t=1150 freq=2.0 | I[A]: A=-0.10 B=1.00 C=0.11 D=0.01 | duty[%]: A=100.0 B=100.0 C=100.0 D=100.0 | spread=1.093 bal=0 trip=0
[115670.550] <- t=1650 freq=2.0 | I[A]: A=-2.29 B=0.03 C=-0.79 D=0.37 | duty[%]: A=100.0 B=100.0 C=100.0 D=100.0 | spread=2.656 bal=0 trip=0
[115671.049] <- t=2150 freq=2.2 | I[A]: A=-2.29 B=0.03 C=-0.88 D=0.25 | duty[%]: A=100.0 B=100.0 C=100.0 D=100.0 | spread=2.546 bal=0 trip=0
[115671.550] <- t=2650 freq=2.5 | I[A]: A=-2.31 B=0.01 C=-1.09 D=0.07 | duty[%]: A=100.0 B=100.0 C=100.0 D=100.0 | spread=2.383 bal=0 trip=0
[115672.049] <- t=3150 freq=2.9 | I[A]: A=-2.26 B=0.05 C=-0.82 D=0.31 | duty[%]: A=100.0 B=100.0 C=100.0 D=100.0 | spread=2.570 bal=0 trip=0
[115672.549] <- t=3650 freq=3.5 | I[A]: A=-2.27 B=0.05 C=-0.96 D=0.19 | duty[%]: A=100.0 B=100.0 C=100.0 D=100.0 | spread=2.459 bal=0 trip=0
[115673.053] <- t=4150 freq=4.1 | I[A]: A=-2.19 B=0.13 C=-0.76 D=0.37 | duty[%]: A=100.0 B=100.0 C=100.0 D=100.0 | spread=2.568 bal=0 trip=0
[115673.550] <- t=4650 freq=4.5 | I[A]: A=-2.25 B=0.07 C=-0.93 D=0.22 | duty[%]: A=100.0 B=100.0 C=100.0 D=100.0 | spread=2.472 bal=0 trip=0
[115674.052] <- t=5151 freq=4.8 | I[A]: A=-2.16 B=0.16 C=-0.71 D=0.42 | duty[%]: A=100.0 B=100.0 C=100.0 D=100.0 | spread=2.580 bal=0 trip=0
[115674.554] <- t=5651 freq=5.0 | I[A]: A=-2.11 B=0.21 C=-1.09 D=0.07 | duty[%]: A=100.0 B=100.0 C=100.0 D=100.0 | spread=2.319 bal=0 trip=0
[115675.057] <- t=6151 freq=5.0 | I[A]: A=-2.10 B=0.20 C=-1.09 D=0.08 | duty[%]: A=100.0 B=100.0 C=100.0 D=100.0 | spread=2.303 bal=0 trip=0
[115675.553] <- t=6652 freq=6.1 | I[A]: A=-2.17 B=0.14 C=-0.81 D=0.31 | duty[%]: A=100.0 B=100.0 C=100.0 D=100.0 | spread=2.480 bal=0 trip=0
[115676.055] <- t=7152 freq=9.2 | I[A]: A=-1.91 B=0.39 C=-0.92 D=0.23 | duty[%]: A=100.0 B=100.0 C=100.0 D=100.0 | spread=2.302 bal=0 trip=0
[115676.478] <- label=SETTLE_010HZ
[115676.552] <- t=7652 freq=10.0 | I[A]: A=-1.77 B=0.59 C=-0.82 D=0.31 | duty[%]: A=100.0 B=100.0 C=100.0 D=100.0 | spread=2.364 bal=0 trip=0
[115677.055] <- t=8152 freq=10.0 | I[A]: A=-1.73 B=0.58 C=-0.82 D=0.34 | duty[%]: A=100.0 B=100.0 C=100.0 D=100.0 | spread=2.303 bal=0 trip=0
[115677.550] <- t=8652 freq=10.0 | I[A]: A=-1.75 B=0.56 C=-0.81 D=0.34 | duty[%]: A=100.0 B=100.0 C=100.0 D=100.0 | spread=2.311 bal=0 trip=0
[115678.054] <- t=9152 freq=10.0 | I[A]: A=-1.76 B=0.59 C=-0.82 D=0.32 | duty[%]: A=100.0 B=100.0 C=100.0 D=100.0 | spread=2.352 bal=0 trip=0
[115678.552] <- t=9652 freq=10.0 | I[A]: A=-1.76 B=0.59 C=-0.83 D=0.33 | duty[%]: A=100.0 B=100.0 C=100.0 D=100.0 | spread=2.352 bal=0 trip=0
[115679.055] <- t=10153 freq=10.0 | I[A]: A=-1.75 B=0.56 C=-0.81 D=0.34 | duty[%]: A=100.0 B=100.0 C=100.0 D=100.0 | spread=2.311 bal=0 trip=0
[115679.476] <- label=HOLD_010HZ
[115679.558] <- t=10653 freq=10.0 | I[A]: A=-1.78 B=0.59 C=-0.83 D=0.31 | duty[%]: A=100.0 B=100.0 C=100.0 D=100.0 | spread=2.365 bal=0 trip=0
[115680.054] <- t=11154 freq=10.0 | I[A]: A=-1.75 B=0.55 C=-0.83 D=0.33 | duty[%]: A=100.0 B=100.0 C=100.0 D=100.0 | spread=2.305 bal=0 trip=0
[115680.559] <- t=11654 freq=10.0 | I[A]: A=-1.76 B=0.54 C=-0.83 D=0.33 | duty[%]: A=100.0 B=100.0 C=100.0 D=100.0 | spread=2.299 bal=0 trip=0
[115681.057] <- t=12154 freq=10.0 | I[A]: A=-1.80 B=0.54 C=-0.83 D=0.32 | duty[%]: A=100.0 B=100.0 C=100.0 D=100.0 | spread=2.339 bal=0 trip=0
[115681.558] <- t=12655 freq=10.0 | I[A]: A=-1.78 B=0.56 C=-0.84 D=0.31 | duty[%]: A=100.0 B=100.0 C=100.0 D=100.0 | spread=2.345 bal=0 trip=0
[115682.053] <- t=13155 freq=10.0 | I[A]: A=-1.77 B=0.55 C=-0.85 D=0.32 | duty[%]: A=100.0 B=100.0 C=100.0 D=100.0 | spread=2.319 bal=0 trip=0
[115682.563] <- t=13655 freq=10.0 | I[A]: A=-1.79 B=0.52 C=-0.83 D=0.31 | duty[%]: A=100.0 B=100.0 C=100.0 D=100.0 | spread=2.314 bal=0 trip=0
[115683.057] <- t=14156 freq=10.0 | I[A]: A=-1.82 B=0.55 C=-0.84 D=0.30 | duty[%]: A=100.0 B=100.0 C=100.0 D=100.0 | spread=2.366 bal=0 trip=0
[115683.555] <- t=14656 freq=10.0 | I[A]: A=-1.79 B=0.54 C=-0.85 D=0.31 | duty[%]: A=100.0 B=100.0 C=100.0 D=100.0 | spread=2.329 bal=0 trip=0
[115684.058] <- t=15156 freq=10.0 | I[A]: A=-1.79 B=0.51 C=-0.83 D=0.31 | duty[%]: A=100.0 B=100.0 C=100.0 D=100.0 | spread=2.296 bal=0 trip=0
[115684.556] <- t=15657 freq=10.0 | I[A]: A=-1.82 B=0.53 C=-0.85 D=0.30 | duty[%]: A=100.0 B=100.0 C=100.0 D=100.0 | spread=2.349 bal=0 trip=0
[115685.061] <- t=16157 freq=10.0 | I[A]: A=-1.82 B=0.53 C=-0.85 D=0.29 | duty[%]: A=100.0 B=100.0 C=100.0 D=100.0 | spread=2.355 bal=0 trip=0
[115685.560] <- t=16657 freq=10.0 | I[A]: A=-1.79 B=0.52 C=-0.87 D=0.31 | duty[%]: A=100.0 B=100.0 C=100.0 D=100.0 | spread=2.307 bal=0 trip=0
[115686.064] <- t=17158 freq=10.0 | I[A]: A=-1.82 B=0.50 C=-0.85 D=0.30 | duty[%]: A=100.0 B=100.0 C=100.0 D=100.0 | spread=2.315 bal=0 trip=0
[115686.478] <- label=KILL_010HZ
[115686.559] <- t=17658 freq=10.0 | I[A]: A=-2.21 B=0.49 C=-1.00 D=0.30 | duty[%]: A=0.0 B=100.0 C=0.0 D=100.0 | spread=2.703 bal=0 trip=0
[115687.058] <- t=18158 freq=10.0 | I[A]: A=-2.32 B=0.52 C=-1.17 D=0.28 | duty[%]: A=0.0 B=100.0 C=0.0 D=100.0 | spread=2.838 bal=0 trip=0
[115687.558] <- t=18659 freq=10.0 | I[A]: A=-2.32 B=0.51 C=-1.17 D=0.29 | duty[%]: A=0.0 B=100.0 C=0.0 D=100.0 | spread=2.830 bal=0 trip=0
[115688.061] <- t=19159 freq=10.0 | I[A]: A=-2.32 B=0.47 C=-1.17 D=0.29 | duty[%]: A=0.0 B=100.0 C=0.0 D=100.0 | spread=2.788 bal=0 trip=0
[115688.561] <- t=19659 freq=10.0 | I[A]: A=-2.32 B=0.50 C=-1.17 D=0.27 | duty[%]: A=0.0 B=100.0 C=0.0 D=100.0 | spread=2.819 bal=0 trip=0
[115689.061] <- t=20160 freq=10.0 | I[A]: A=-2.32 B=0.51 C=-1.17 D=0.28 | duty[%]: A=0.0 B=100.0 C=0.0 D=100.0 | spread=2.832 bal=0 trip=0
[115689.564] <- t=20660 freq=10.0 | I[A]: A=-2.32 B=0.48 C=-1.17 D=0.30 | duty[%]: A=0.0 B=100.0 C=0.0 D=100.0 | spread=2.796 bal=0 trip=0
[115690.063] <- t=21160 freq=10.0 | I[A]: A=-2.32 B=0.48 C=-1.17 D=0.27 | duty[%]: A=0.0 B=100.0 C=0.0 D=100.0 | spread=2.796 bal=0 trip=0
[115690.563] <- t=21661 freq=10.0 | I[A]: A=-2.32 B=0.49 C=-1.17 D=0.26 | duty[%]: A=0.0 B=100.0 C=0.0 D=100.0 | spread=2.812 bal=0 trip=0
[115691.063] <- t=22161 freq=10.0 | I[A]: A=-2.32 B=0.50 C=-1.17 D=0.28 | duty[%]: A=0.0 B=100.0 C=0.0 D=100.0 | spread=2.815 bal=0 trip=0
[115691.561] <- t=22661 freq=10.0 | I[A]: A=-2.32 B=0.48 C=-1.17 D=0.28 | duty[%]: A=0.0 B=100.0 C=0.0 D=100.0 | spread=2.797 bal=0 trip=0
[115692.062] <- t=23161 freq=10.0 | I[A]: A=-2.32 B=0.46 C=-1.17 D=0.28 | duty[%]: A=0.0 B=100.0 C=0.0 D=100.0 | spread=2.784 bal=0 trip=0
[115692.563] <- t=23662 freq=10.0 | I[A]: A=-2.32 B=0.45 C=-1.17 D=0.26 | duty[%]: A=0.0 B=100.0 C=0.0 D=100.0 | spread=2.769 bal=0 trip=0
[115693.065] <- t=24162 freq=10.0 | I[A]: A=-2.32 B=0.48 C=-1.17 D=0.26 | duty[%]: A=0.0 B=100.0 C=0.0 D=100.0 | spread=2.798 bal=0 trip=0
[115693.562] <- t=24662 freq=10.0 | I[A]: A=-2.32 B=0.46 C=-1.17 D=0.27 | duty[%]: A=0.0 B=100.0 C=0.0 D=100.0 | spread=2.777 bal=0 trip=0
[115694.062] <- t=25162 freq=10.0 | I[A]: A=-2.32 B=0.46 C=-1.17 D=0.27 | duty[%]: A=0.0 B=100.0 C=0.0 D=100.0 | spread=2.781 bal=0 trip=0
[115694.567] <- t=25662 freq=10.0 | I[A]: A=-2.32 B=0.48 C=-1.17 D=0.27 | duty[%]: A=0.0 B=100.0 C=0.0 D=100.0 | spread=2.800 bal=0 trip=0
[115695.062] <- t=26162 freq=10.0 | I[A]: A=-2.32 B=0.46 C=-1.17 D=0.27 | duty[%]: A=0.0 B=100.0 C=0.0 D=100.0 | spread=2.783 bal=0 trip=0
[115695.565] <- t=26663 freq=10.0 | I[A]: A=-2.32 B=0.45 C=-1.17 D=0.27 | duty[%]: A=0.0 B=100.0 C=0.0 D=100.0 | spread=2.768 bal=0 trip=0
[115696.065] <- t=27163 freq=10.0 | I[A]: A=-2.32 B=0.47 C=-1.17 D=0.26 | duty[%]: A=0.0 B=100.0 C=0.0 D=100.0 | spread=2.789 bal=0 trip=0
[115696.569] <- t=27663 freq=10.0 | I[A]: A=-2.32 B=0.47 C=-1.17 D=0.26 | duty[%]: A=0.0 B=100.0 C=0.0 D=100.0 | spread=2.792 bal=0 trip=0
[115697.063] <- t=28163 freq=10.0 | I[A]: A=-2.32 B=0.46 C=-1.17 D=0.27 | duty[%]: A=0.0 B=100.0 C=0.0 D=100.0 | spread=2.778 bal=0 trip=0
[115697.566] <- t=28663 freq=10.0 | I[A]: A=-2.32 B=0.46 C=-1.17 D=0.26 | duty[%]: A=0.0 B=100.0 C=0.0 D=100.0 | spread=2.783 bal=0 trip=0
[115698.070] <- t=29163 freq=10.0 | I[A]: A=-2.32 B=0.47 C=-1.17 D=0.25 | duty[%]: A=0.0 B=100.0 C=0.0 D=100.0 | spread=2.789 bal=0 trip=0
[115698.565] <- t=29663 freq=10.0 | I[A]: A=-2.32 B=0.45 C=-1.17 D=0.26 | duty[%]: A=0.0 B=100.0 C=0.0 D=100.0 | spread=2.766 bal=0 trip=0
[115699.067] <- t=30163 freq=10.0 | I[A]: A=-2.32 B=0.47 C=-1.17 D=0.25 | duty[%]: A=0.0 B=100.0 C=0.0 D=100.0 | spread=2.791 bal=0 trip=0
[115699.571] <- t=30664 freq=10.0 | I[A]: A=-2.32 B=0.44 C=-1.17 D=0.26 | duty[%]: A=0.0 B=100.0 C=0.0 D=100.0 | spread=2.762 bal=0 trip=0
[115700.063] <- t=31164 freq=10.0 | I[A]: A=-2.32 B=0.45 C=-1.17 D=0.25 | duty[%]: A=0.0 B=100.0 C=0.0 D=100.0 | spread=2.767 bal=0 trip=0
[115700.566] <- t=31665 freq=10.0 | I[A]: A=-2.32 B=0.44 C=-1.17 D=0.26 | duty[%]: A=0.0 B=100.0 C=0.0 D=100.0 | spread=2.760 bal=0 trip=0
[115701.064] <- t=32165 freq=10.0 | I[A]: A=-2.32 B=0.41 C=-1.17 D=0.26 | duty[%]: A=0.0 B=100.0 C=0.0 D=100.0 | spread=2.734 bal=0 trip=0
[115701.481] <- label=DOWN_010HZ
[115701.566] <- t=32665 freq=1.0 | I[A]: A=-2.32 B=0.15 C=-1.17 D=0.26 | duty[%]: A=0.0 B=100.0 C=0.0 D=100.0 | spread=2.580 bal=0 trip=0
[115702.066] <- t=33165 freq=0.0 | I[A]: A=-2.32 B=0.00 C=-1.17 D=0.00 | duty[%]: A=0.0 B=0.0 C=0.0 D=0.0 | spread=2.320 bal=0 trip=0
[115702.568] <- t=33665 freq=0.0 | I[A]: A=-2.32 B=0.00 C=-1.17 D=0.00 | duty[%]: A=0.0 B=0.0 C=0.0 D=0.0 | spread=2.320 bal=0 trip=0
[115703.067] <- t=34165 freq=0.0 | I[A]: A=-2.32 B=0.00 C=-1.17 D=0.00 | duty[%]: A=0.0 B=0.0 C=0.0 D=0.0 | spread=2.320 bal=0 trip=0
[115703.566] <- t=34666 freq=0.0 | I[A]: A=-2.32 B=0.00 C=-1.17 D=0.00 | duty[%]: A=0.0 B=0.0 C=0.0 D=0.0 | spread=2.320 bal=0 trip=0
[115704.070] <- t=35166 freq=0.0 | I[A]: A=-2.32 B=0.00 C=-1.17 D=0.00 | duty[%]: A=0.0 B=0.0 C=0.0 D=0.0 | spread=2.320 bal=0 trip=0
[115704.567] <- t=35666 freq=0.0 | I[A]: A=-2.32 B=0.00 C=-1.17 D=0.00 | duty[%]: A=0.0 B=0.0 C=0.0 D=0.0 | spread=2.320 bal=0 trip=0
[115705.066] <- t=36166 freq=0.0 | I[A]: A=-2.32 B=0.00 C=-1.17 D=0.00 | duty[%]: A=0.0 B=0.0 C=0.0 D=0.0 | spread=2.320 bal=0 trip=0
[115705.566] <- t=36666 freq=0.0 | I[A]: A=-2.32 B=0.00 C=-1.17 D=0.00 | duty[%]: A=0.0 B=0.0 C=0.0 D=0.0 | spread=2.320 bal=0 trip=0
[115706.065] <- t=37166 freq=0.0 | I[A]: A=-2.32 B=0.00 C=-1.17 D=0.00 | duty[%]: A=0.0 B=0.0 C=0.0 D=0.0 | spread=2.320 bal=0 trip=0
[115706.566] <- t=37666 freq=0.0 | I[A]: A=-2.32 B=0.00 C=-1.17 D=0.00 | duty[%]: A=0.0 B=0.0 C=0.0 D=0.0 | spread=2.320 bal=0 trip=0
[115707.066] <- t=38167 freq=0.0 | I[A]: A=-2.32 B=0.00 C=-1.17 D=0.00 | duty[%]: A=0.0 B=0.0 C=0.0 D=0.0 | spread=2.320 bal=0 trip=0
[115707.567] <- t=38667 freq=0.0 | I[A]: A=-2.32 B=0.00 C=-1.17 D=0.00 | duty[%]: A=0.0 B=0.0 C=0.0 D=0.0 | spread=2.320 bal=0 trip=0
[115708.070] <- t=39167 freq=0.0 | I[A]: A=-2.32 B=0.00 C=-1.17 D=0.00 | duty[%]: A=0.0 B=0.0 C=0.0 D=0.0 | spread=2.320 bal=0 trip=0
[115708.566] <- t=39667 freq=0.0 | I[A]: A=-2.32 B=0.00 C=-1.17 D=0.00 | duty[%]: A=0.0 B=0.0 C=0.0 D=0.0 | spread=2.320 bal=0 trip=0
[115709.073] <- t=40167 freq=0.0 | I[A]: A=-2.32 B=0.00 C=-1.17 D=0.00 | duty[%]: A=0.0 B=0.0 C=0.0 D=0.0 | spread=2.320 bal=0 trip=0
[115709.568] <- t=40668 freq=0.0 | I[A]: A=-2.32 B=0.00 C=-1.17 D=0.00 | duty[%]: A=0.0 B=0.0 C=0.0 D=0.0 | spread=2.320 bal=0 trip=0
[115710.070] <- t=41168 freq=0.0 | I[A]: A=-2.32 B=0.00 C=-1.17 D=0.00 | duty[%]: A=0.0 B=0.0 C=0.0 D=0.0 | spread=2.320 bal=0 trip=0
[115710.571] <- t=41668 freq=0.0 | I[A]: A=-2.32 B=0.00 C=-1.17 D=0.00 | duty[%]: A=0.0 B=0.0 C=0.0 D=0.0 | spread=2.320 bal=0 trip=0
[115711.070] <- t=42168 freq=0.0 | I[A]: A=-2.32 B=0.00 C=-1.17 D=0.00 | duty[%]: A=0.0 B=0.0 C=0.0 D=0.0 | spread=2.320 bal=0 trip=0
[115711.571] <- t=42668 freq=0.0 | I[A]: A=-2.32 B=0.00 C=-1.17 D=0.00 | duty[%]: A=0.0 B=0.0 C=0.0 D=0.0 | spread=2.320 bal=0 trip=0
[115712.077] <- t=43169 freq=0.0 | I[A]: A=-2.32 B=0.00 C=-1.17 D=0.00 | duty[%]: A=0.0 B=0.0 C=0.0 D=0.0 | spread=2.320 bal=0 trip=0
[115712.570] <- t=43669 freq=0.0 | I[A]: A=-2.32 B=0.00 C=-1.17 D=0.00 | duty[%]: A=0.0 B=0.0 C=0.0 D=0.0 | spread=2.320 bal=0 trip=0
[115713.073] <- t=44169 freq=0.0 | I[A]: A=-2.32 B=0.00 C=-1.17 D=0.00 | duty[%]: A=0.0 B=0.0 C=0.0 D=0.0 | spread=2.320 bal=0 trip=0
[115713.570] <- t=44669 freq=0.0 | I[A]: A=-2.32 B=0.00 C=-1.17 D=0.00 | duty[%]: A=0.0 B=0.0 C=0.0 D=0.0 | spread=2.320 bal=0 trip=0
[115714.075] <- t=45169 freq=0.0 | I[A]: A=-2.32 B=0.00 C=-1.17 D=0.00 | duty[%]: A=0.0 B=0.0 C=0.0 D=0.0 | spread=2.320 bal=0 trip=0
[115714.573] <- t=45669 freq=0.0 | I[A]: A=-2.32 B=0.00 C=-1.17 D=0.00 | duty[%]: A=0.0 B=0.0 C=0.0 D=0.0 | spread=2.320 bal=0 trip=0
[115715.072] <- t=46169 freq=0.0 | I[A]: A=-2.32 B=0.00 C=-1.17 D=0.00 | duty[%]: A=0.0 B=0.0 C=0.0 D=0.0 | spread=2.320 bal=0 trip=0
[115715.573] <- t=46670 freq=0.0 | I[A]: A=-2.32 B=0.00 C=-1.17 D=0.00 | duty[%]: A=0.0 B=0.0 C=0.0 D=0.0 | spread=2.320 bal=0 trip=0
[115716.069] <- t=47170 freq=0.0 | I[A]: A=-2.32 B=0.00 C=-1.17 D=0.00 | duty[%]: A=0.0 B=0.0 C=0.0 D=0.0 | spread=2.320 bal=0 trip=0
[115716.574] <- t=47670 freq=0.0 | I[A]: A=-2.32 B=0.00 C=-1.17 D=0.00 | duty[%]: A=0.0 B=0.0 C=0.0 D=0.0 | spread=2.320 bal=0 trip=0
[115716.583] <- label=TILT_OFF
